Archive member included to satisfy reference by file (symbol)

c:/ac6/systemworkbench/plugins/fr.ac6.mcu.externaltools.arm-none.win32_1.16.0.201807130628/tools/compiler/bin/../lib/gcc/arm-none-eabi/7.2.1/thumb/v6-m\libgcc.a(_udivsi3.o)
                              FatFs/src/ff.o (__aeabi_uidiv)
c:/ac6/systemworkbench/plugins/fr.ac6.mcu.externaltools.arm-none.win32_1.16.0.201807130628/tools/compiler/bin/../lib/gcc/arm-none-eabi/7.2.1/thumb/v6-m\libgcc.a(_divsi3.o)
                              uzLib/tinfzlib.o (__aeabi_idivmod)
c:/ac6/systemworkbench/plugins/fr.ac6.mcu.externaltools.arm-none.win32_1.16.0.201807130628/tools/compiler/bin/../lib/gcc/arm-none-eabi/7.2.1/thumb/v6-m\libgcc.a(_dvmd_tls.o)
                              c:/ac6/systemworkbench/plugins/fr.ac6.mcu.externaltools.arm-none.win32_1.16.0.201807130628/tools/compiler/bin/../lib/gcc/arm-none-eabi/7.2.1/thumb/v6-m\libgcc.a(_udivsi3.o) (__aeabi_idiv0)
c:/ac6/systemworkbench/plugins/fr.ac6.mcu.externaltools.arm-none.win32_1.16.0.201807130628/tools/compiler/bin/../lib/gcc/arm-none-eabi/7.2.1/thumb/v6-m\libgcc.a(_arm_cmpsf2.o)
                              Utilities/STM32F0xx-Nucleo/stm32f0xx_nucleo.o (__aeabi_fcmplt)
c:/ac6/systemworkbench/plugins/fr.ac6.mcu.externaltools.arm-none.win32_1.16.0.201807130628/tools/compiler/bin/../lib/gcc/arm-none-eabi/7.2.1/thumb/v6-m\libgcc.a(eqsf2.o)
                              c:/ac6/systemworkbench/plugins/fr.ac6.mcu.externaltools.arm-none.win32_1.16.0.201807130628/tools/compiler/bin/../lib/gcc/arm-none-eabi/7.2.1/thumb/v6-m\libgcc.a(_arm_cmpsf2.o) (__eqsf2)
c:/ac6/systemworkbench/plugins/fr.ac6.mcu.externaltools.arm-none.win32_1.16.0.201807130628/tools/compiler/bin/../lib/gcc/arm-none-eabi/7.2.1/thumb/v6-m\libgcc.a(gesf2.o)
                              c:/ac6/systemworkbench/plugins/fr.ac6.mcu.externaltools.arm-none.win32_1.16.0.201807130628/tools/compiler/bin/../lib/gcc/arm-none-eabi/7.2.1/thumb/v6-m\libgcc.a(_arm_cmpsf2.o) (__gesf2)
c:/ac6/systemworkbench/plugins/fr.ac6.mcu.externaltools.arm-none.win32_1.16.0.201807130628/tools/compiler/bin/../lib/gcc/arm-none-eabi/7.2.1/thumb/v6-m\libgcc.a(lesf2.o)
                              c:/ac6/systemworkbench/plugins/fr.ac6.mcu.externaltools.arm-none.win32_1.16.0.201807130628/tools/compiler/bin/../lib/gcc/arm-none-eabi/7.2.1/thumb/v6-m\libgcc.a(_arm_cmpsf2.o) (__lesf2)
c:/ac6/systemworkbench/plugins/fr.ac6.mcu.externaltools.arm-none.win32_1.16.0.201807130628/tools/compiler/bin/../lib/gcc/arm-none-eabi/7.2.1/thumb/v6-m\libgcc.a(mulsf3.o)
                              Utilities/STM32F0xx-Nucleo/stm32f0xx_nucleo.o (__aeabi_fmul)
c:/ac6/systemworkbench/plugins/fr.ac6.mcu.externaltools.arm-none.win32_1.16.0.201807130628/tools/compiler/bin/../lib/gcc/arm-none-eabi/7.2.1/thumb/v6-m\libgcc.a(floatunsisf.o)
                              Utilities/STM32F0xx-Nucleo/stm32f0xx_nucleo.o (__aeabi_ui2f)
c:/ac6/systemworkbench/plugins/fr.ac6.mcu.externaltools.arm-none.win32_1.16.0.201807130628/tools/compiler/bin/../lib/gcc/arm-none-eabi/7.2.1/thumb/v6-m\libgcc.a(_clzsi2.o)
                              c:/ac6/systemworkbench/plugins/fr.ac6.mcu.externaltools.arm-none.win32_1.16.0.201807130628/tools/compiler/bin/../lib/gcc/arm-none-eabi/7.2.1/thumb/v6-m\libgcc.a(mulsf3.o) (__clzsi2)
c:/ac6/systemworkbench/plugins/fr.ac6.mcu.externaltools.arm-none.win32_1.16.0.201807130628/tools/compiler/bin/../lib/gcc/arm-none-eabi/7.2.1/../../../../arm-none-eabi/lib/thumb/v6-m\libc.a(lib_a-assert.o)
                              uzLib/defl_static.o (__assert_func)
c:/ac6/systemworkbench/plugins/fr.ac6.mcu.externaltools.arm-none.win32_1.16.0.201807130628/tools/compiler/bin/../lib/gcc/arm-none-eabi/7.2.1/../../../../arm-none-eabi/lib/thumb/v6-m\libc.a(lib_a-errno.o)
                              src/syscalls.o (__errno)
c:/ac6/systemworkbench/plugins/fr.ac6.mcu.externaltools.arm-none.win32_1.16.0.201807130628/tools/compiler/bin/../lib/gcc/arm-none-eabi/7.2.1/../../../../arm-none-eabi/lib/thumb/v6-m\libc.a(lib_a-exit.o)
                              c:/ac6/systemworkbench/plugins/fr.ac6.mcu.externaltools.arm-none.win32_1.16.0.201807130628/tools/compiler/bin/../lib/gcc/arm-none-eabi/7.2.1/../../../../arm-none-eabi/lib/thumb/v6-m/crt0.o (exit)
c:/ac6/systemworkbench/plugins/fr.ac6.mcu.externaltools.arm-none.win32_1.16.0.201807130628/tools/compiler/bin/../lib/gcc/arm-none-eabi/7.2.1/../../../../arm-none-eabi/lib/thumb/v6-m\libc.a(lib_a-fiprintf.o)
                              c:/ac6/systemworkbench/plugins/fr.ac6.mcu.externaltools.arm-none.win32_1.16.0.201807130628/tools/compiler/bin/../lib/gcc/arm-none-eabi/7.2.1/../../../../arm-none-eabi/lib/thumb/v6-m\libc.a(lib_a-assert.o) (fiprintf)
c:/ac6/systemworkbench/plugins/fr.ac6.mcu.externaltools.arm-none.win32_1.16.0.201807130628/tools/compiler/bin/../lib/gcc/arm-none-eabi/7.2.1/../../../../arm-none-eabi/lib/thumb/v6-m\libc.a(lib_a-impure.o)
[...]
Memory Configuration

Name             Origin             Length             Attributes
FLASH            0x08000000         0x00020000         xr
RAM              0x20000000         0x00004000         xrw
*default*        0x00000000         0xffffffff

Linker script and memory map

LOAD c:/ac6/systemworkbench/plugins/fr.ac6.mcu.externaltools.arm-none.win32_1.16.0.201807130628/tools/compiler/bin/../lib/gcc/arm-none-eabi/7.2.1/thumb/v6-m/crti.o
LOAD c:/ac6/systemworkbench/plugins/fr.ac6.mcu.externaltools.arm-none.win32_1.16.0.201807130628/tools/compiler/bin/../lib/gcc/arm-none-eabi/7.2.1/thumb/v6-m/crtbegin.o
LOAD c:/ac6/systemworkbench/plugins/fr.ac6.mcu.externaltools.arm-none.win32_1.16.0.201807130628/tools/compiler/bin/../lib/gcc/arm-none-eabi/7.2.1/../../../../arm-none-eabi/lib/thumb/v6-m/crt0.o
LOAD FatFs/src/diskio.o
LOAD FatFs/src/ff.o
LOAD FatFs/src/ff_gen_drv.o
LOAD FatFs/src/drivers/sd_diskio.o
LOAD HAL_Driver/Src/stm32f0xx_hal.o
LOAD HAL_Driver/Src/stm32f0xx_hal_adc.o
LOAD HAL_Driver/Src/stm32f0xx_hal_adc_ex.o
LOAD HAL_Driver/Src/stm32f0xx_hal_can.o
LOAD HAL_Driver/Src/stm32f0xx_hal_cec.o
LOAD HAL_Driver/Src/stm32f0xx_hal_comp.o
LOAD HAL_Driver/Src/stm32f0xx_hal_cortex.o
LOAD HAL_Driver/Src/stm32f0xx_hal_crc.o
LOAD HAL_Driver/Src/stm32f0xx_hal_crc_ex.o
LOAD HAL_Driver/Src/stm32f0xx_hal_dac.o
LOAD HAL_Driver/Src/stm32f0xx_hal_dac_ex.o
LOAD HAL_Driver/Src/stm32f0xx_hal_dma.o
LOAD HAL_Driver/Src/stm32f0xx_hal_flash.o
LOAD HAL_Driver/Src/stm32f0xx_hal_flash_ex.o
LOAD HAL_Driver/Src/stm32f0xx_hal_gpio.o
LOAD HAL_Driver/Src/stm32f0xx_hal_i2c.o
LOAD HAL_Driver/Src/stm32f0xx_hal_i2c_ex.o
LOAD HAL_Driver/Src/stm32f0xx_hal_i2s.o
LOAD HAL_Driver/Src/stm32f0xx_hal_irda.o
LOAD HAL_Driver/Src/stm32f0xx_hal_iwdg.o
LOAD HAL_Driver/Src/stm32f0xx_hal_msp_template.o
LOAD HAL_Driver/Src/stm32f0xx_hal_pcd.o
LOAD HAL_Driver/Src/stm32f0xx_hal_pcd_ex.o
LOAD HAL_Driver/Src/stm32f0xx_hal_pwr.o
LOAD HAL_Driver/Src/stm32f0xx_hal_pwr_ex.o
LOAD HAL_Driver/Src/stm32f0xx_hal_rcc.o
LOAD HAL_Driver/Src/stm32f0xx_hal_rcc_ex.o
LOAD HAL_Driver/Src/stm32f0xx_hal_rtc.o
LOAD HAL_Driver/Src/stm32f0xx_hal_rtc_ex.o
LOAD HAL_Driver/Src/stm32f0xx_hal_smartcard.o
LOAD HAL_Driver/Src/stm32f0xx_hal_smartcard_ex.o
LOAD HAL_Driver/Src/stm32f0xx_hal_smbus.o
LOAD HAL_Driver/Src/stm32f0xx_hal_spi.o
LOAD HAL_Driver/Src/stm32f0xx_hal_spi_ex.o
LOAD HAL_Driver/Src/stm32f0xx_hal_tim.o
LOAD HAL_Driver/Src/stm32f0xx_hal_tim_ex.o
LOAD HAL_Driver/Src/stm32f0xx_hal_tsc.o
LOAD HAL_Driver/Src/stm32f0xx_hal_uart.o
LOAD HAL_Driver/Src/stm32f0xx_hal_uart_ex.o
LOAD HAL_Driver/Src/stm32f0xx_hal_usart.o
LOAD HAL_Driver/Src/stm32f0xx_hal_wwdg.o
LOAD HAL_Driver/Src/stm32f0xx_ll_adc.o
LOAD HAL_Driver/Src/stm32f0xx_ll_comp.o
LOAD HAL_Driver/Src/stm32f0xx_ll_crc.o
LOAD HAL_Driver/Src/stm32f0xx_ll_crs.o
LOAD HAL_Driver/Src/stm32f0xx_ll_dac.o
LOAD HAL_Driver/Src/stm32f0xx_ll_dma.o
LOAD HAL_Driver/Src/stm32f0xx_ll_exti.o
LOAD HAL_Driver/Src/stm32f0xx_ll_gpio.o
LOAD HAL_Driver/Src/stm32f0xx_ll_i2c.o
LOAD HAL_Driver/Src/stm32f0xx_ll_pwr.o
LOAD HAL_Driver/Src/stm32f0xx_ll_rcc.o
LOAD HAL_Driver/Src/stm32f0xx_ll_rtc.o
LOAD HAL_Driver/Src/stm32f0xx_ll_spi.o
LOAD HAL_Driver/Src/stm32f0xx_ll_tim.o
LOAD HAL_Driver/Src/stm32f0xx_ll_usart.o
LOAD HAL_Driver/Src/stm32f0xx_ll_utils.o
LOAD Utilities/STM32F0xx-Nucleo/stm32f0xx_3dprinter_uart.o
LOAD Utilities/STM32F0xx-Nucleo/stm32f0xx_mpmd.o
LOAD Utilities/STM32F0xx-Nucleo/stm32f0xx_mpmd_sd.o
LOAD Utilities/STM32F0xx-Nucleo/stm32f0xx_nucleo.o
LOAD src/clock_f0.o
LOAD src/main.o
LOAD src/stm32f0xx_hal_msp.o
LOAD src/stm32f0xx_it.o
LOAD src/syscalls.o
LOAD src/system_stm32f0xx.o
LOAD startup/startup_stm32f070xb.o
LOAD uzLib/adler32.o
LOAD uzLib/crc32.o
LOAD uzLib/defl_static.o
LOAD uzLib/genlz77.o
LOAD uzLib/tgunzip.o
LOAD uzLib/tinfgzip.o
LOAD uzLib/tinflate.o
LOAD uzLib/tinfzlib.o
LOAD c:/ac6/systemworkbench/plugins/fr.ac6.mcu.externaltools.arm-none.win32_1.16.0.201807130628/tools/compiler/bin/../lib/gcc/arm-none-eabi/7.2.1/../../../../arm-none-eabi/lib/thumb/v6-m\libm.a
START GROUP
LOAD c:/ac6/systemworkbench/plugins/fr.ac6.mcu.externaltools.arm-none.win32_1.16.0.201807130628/tools/compiler/bin/../lib/gcc/arm-none-eabi/7.2.1/thumb/v6-m\libgcc.a
LOAD c:/ac6/systemworkbench/plugins/fr.ac6.mcu.externaltools.arm-none.win32_1.16.0.201807130628/tools/compiler/bin/../lib/gcc/arm-none-eabi/7.2.1/../../../../arm-none-eabi/lib/thumb/v6-m\libc.a
END GROUP
LOAD c:/ac6/systemworkbench/plugins/fr.ac6.mcu.externaltools.arm-none.win32_1.16.0.201807130628/tools/compiler/bin/../lib/gcc/arm-none-eabi/7.2.1/thumb/v6-m/crtend.o
LOAD c:/ac6/systemworkbench/plugins/fr.ac6.mcu.externaltools.arm-none.win32_1.16.0.201807130628/tools/compiler/bin/../lib/gcc/arm-none-eabi/7.2.1/thumb/v6-m/crtn.o
                0x20004000                _estack = 0x20004000
                0x00000200                _Min_Heap_Size = 0x200
                0x00000400                _Min_Stack_Size = 0x400

.isr_vector     0x08000000       0xc0
                0x08000000                . = ALIGN (0x4)
 *(.isr_vector)
 .isr_vector    0x08000000       0xc0 startup/startup_stm32f070xb.o
                0x08000000                g_pfnVectors
                0x080000c0                . = ALIGN (0x4)

.text           0x080000c0     0xdcb8
                0x080000c0                . = ALIGN (0x4)
 *(.text)
 .text          0x080000c0       0x48 c:/ac6/systemworkbench/plugins/fr.ac6.mcu.externaltools.arm-none.win32_1.16.0.201807130628/tools/compiler/bin/../lib/gcc/arm-none-eabi/7.2.1/thumb/v6-m/crtbegin.o
 .text          0x08000108      0x114 c:/ac6/systemworkbench/plugins/fr.ac6.mcu.externaltools.arm-none.win32_1.16.0.201807130628/tools/compiler/bin/../lib/gcc/arm-none-eabi/7.2.1/thumb/v6-m\libgcc.a(_udivsi3.o)
                0x08000108                __aeabi_uidiv
                0x08000108                __udivsi3
                0x08000214                __aeabi_uidivmod
 .text          0x0800021c      0x1d4 c:/ac6/systemworkbench/plugins/fr.ac6.mcu.externaltools.arm-none.win32_1.16.0.201807130628/tools/compiler/bin/../lib/gcc/arm-none-eabi/7.2.1/thumb/v6-m\libgcc.a(_divsi3.o)
                0x0800021c                __divsi3
                0x0800021c                __aeabi_idiv
                0x080003e8                __aeabi_idivmod
 .text          0x080003f0        0x4 c:/ac6/systemworkbench/plugins/fr.ac6.mcu.externaltools.arm-none.win32_1.16.0.201807130628/tools/compiler/bin/../lib/gcc/arm-none-eabi/7.2.1/thumb/v6-m\libgcc.a(_dvmd_tls.o)
                0x080003f0                __aeabi_idiv0
                0x080003f0                __aeabi_ldiv0
 .text          0x080003f4       0x3c c:/ac6/systemworkbench/plugins/fr.ac6.mcu.externaltools.arm-none.win32_1.16.0.201807130628/tools/compiler/bin/../lib/gcc/arm-none-eabi/7.2.1/thumb/v6-m\libgcc.a(_clzsi2.o)
                0x080003f4                __clzsi2
 .text          0x08000430       0x7c c:/ac6/systemworkbench/plugins/fr.ac6.mcu.externaltools.arm-none.win32_1.16.0.201807130628/tools/compiler/bin/../lib/gcc/arm-none-eabi/7.2.1/thumb/v6-m\libgcc.a(_arm_cmpdf2.o)
                0x08000430                __aeabi_cdrcmple
                0x08000440                __aeabi_cdcmple
                0x08000440                __aeabi_cdcmpeq
                0x08000450                __aeabi_dcmpeq
                0x0800045c                __aeabi_dcmplt
                0x08000470                __aeabi_dcmple
                0x08000484                __aeabi_dcmpgt
                0x08000498                __aeabi_dcmpge
 .text          0x080004ac       0x40 c:/ac6/systemworkbench/plugins/fr.ac6.mcu.externaltools.arm-none.win32_1.16.0.201807130628/tools/compiler/bin/../lib/gcc/arm-none-eabi/7.2.1/thumb/v6-m\libgcc.a(_aeabi_uldivmod.o)
                0x080004ac                __aeabi_uldivmod
 .text          0x080004ec      0x184 c:/ac6/systemworkbench/plugins/fr.ac6.mcu.externaltools.arm-none.win32_1.16.0.201807130628/tools/compiler/bin/../lib/gcc/arm-none-eabi/7.2.1/thumb/v6-m\libgcc.a(_udivmoddi4.o)
                0x080004ec                __udivmoddi4
 .text          0x08000670      0x638 c:/ac6/systemworkbench/plugins/fr.ac6.mcu.externaltools.arm-none.win32_1.16.0.201807130628/tools/compiler/bin/../lib/gcc/arm-none-eabi/7.2.1/thumb/v6-m\libgcc.a(adddf3.o)
                0x08000670                __aeabi_dadd
 .text          0x08000ca8      0x604 c:/ac6/systemworkbench/plugins/fr.ac6.mcu.externaltools.arm-none.win32_1.16.0.201807130628/tools/compiler/bin/../lib/gcc/arm-none-eabi/7.2.1/thumb/v6-m\libgcc.a(divdf3.o)
                0x08000ca8                __aeabi_ddiv
 .text          0x080012ac       0x78 c:/ac6/systemworkbench/plugins/fr.ac6.mcu.externaltools.arm-none.win32_1.16.0.201807130628/tools/compiler/bin/../lib/gcc/arm-none-eabi/7.2.1/thumb/v6-m\libgcc.a(eqdf2.o)
                0x080012ac                __nedf2
                0x080012ac                __eqdf2
 .text          0x08001324       0xc8 c:/ac6/systemworkbench/plugins/fr.ac6.mcu.externaltools.arm-none.win32_1.16.0.201807130628/tools/compiler/bin/../lib/gcc/arm-none-eabi/7.2.1/thumb/v6-m\libgcc.a(gedf2.o)
                0x08001324                __gedf2
                0x08001324                __gtdf2
 .text          0x080013ec       0xd0 c:/ac6/systemworkbench/plugins/fr.ac6.mcu.externaltools.arm-none.win32_1.16.0.201807130628/tools/compiler/bin/../lib/gcc/arm-none-eabi/7.2.1/thumb/v6-m\libgcc.a(ledf2.o)
                0x080013ec                __ledf2
                0x080013ec                __ltdf2
 .text          0x080014bc      0x4e4 c:/ac6/systemworkbench/plugins/fr.ac6.mcu.externaltools.arm-none.win32_1.16.0.201807130628/tools/compiler/bin/../lib/gcc/arm-none-eabi/7.2.1/thumb/v6-m\libgcc.a(muldf3.o)
                0x080014bc                __aeabi_dmul
 .text          0x080019a0      0x690 c:/ac6/systemworkbench/plugins/fr.ac6.mcu.externaltools.arm-none.win32_1.16.0.201807130628/tools/compiler/bin/../lib/gcc/arm-none-eabi/7.2.1/thumb/v6-m\libgcc.a(subdf3.o)
                0x080019a0                __aeabi_dsub
 .text          0x08002030       0x38 c:/ac6/systemworkbench/plugins/fr.ac6.mcu.externaltools.arm-none.win32_1.16.0.201807130628/tools/compiler/bin/../lib/gcc/arm-none-eabi/7.2.1/thumb/v6-m\libgcc.a(unorddf2.o)
                0x08002030                __aeabi_dcmpun
 .text          0x08002068       0x6c c:/ac6/systemworkbench/plugins/fr.ac6.mcu.externaltools.arm-none.win32_1.16.0.201807130628/tools/compiler/bin/../lib/gcc/arm-none-eabi/7.2.1/thumb/v6-m\libgcc.a(fixdfsi.o)
                0x08002068                __aeabi_d2iz
 .text          0x080020d4       0x74 c:/ac6/systemworkbench/plugins/fr.ac6.mcu.externaltools.arm-none.win32_1.16.0.201807130628/tools/compiler/bin/../lib/gcc/arm-none-eabi/7.2.1/thumb/v6-m\libgcc.a(floatsidf.o)
                0x080020d4                __aeabi_i2d
 .text          0x08002148       0x64 c:/ac6/systemworkbench/plugins/fr.ac6.mcu.externaltools.arm-none.win32_1.16.0.201807130628/tools/compiler/bin/../lib/gcc/arm-none-eabi/7.2.1/thumb/v6-m\libgcc.a(floatunsidf.o)
                0x08002148                __aeabi_ui2d
 .text          0x080021ac       0x18 c:/ac6/systemworkbench/plugins/fr.ac6.mcu.externaltools.arm-none.win32_1.16.0.201807130628/tools/compiler/bin/../lib/gcc/arm-none-eabi/7.2.1/thumb/v6-m\libgcc.a(_clzdi2.o)
                0x080021ac                __clzdi2
 *(.text*)
 .text.disk_status
                0x080021c4       0x44 FatFs/src/diskio.o
                0x080021c4                disk_status
 .text.disk_initialize
                0x08002208       0x64 FatFs/src/diskio.o
                0x08002208                disk_initialize
 .text.disk_read
                0x0800226c       0x50 FatFs/src/diskio.o
                0x0800226c                disk_read
 .text.disk_write
                0x080022bc       0x50 FatFs/src/diskio.o
                0x080022bc                disk_write
 .text.disk_ioctl
                0x0800230c       0x50 FatFs/src/diskio.o
                0x0800230c                disk_ioctl
 .text.ld_word  0x0800235c       0x36 FatFs/src/ff.o
 .text.ld_dword
                0x08002392       0x42 FatFs/src/ff.o
 .text.st_word  0x080023d4       0x3c FatFs/src/ff.o
 .text.st_dword
                0x08002410       0x54 FatFs/src/ff.o
 .text.mem_cpy  0x08002464       0x3e FatFs/src/ff.o
 .text.mem_set  0x080024a2       0x30 FatFs/src/ff.o
 .text.mem_cmp  0x080024d2       0x4a FatFs/src/ff.o
 .text.chk_chr  0x0800251c       0x32 FatFs/src/ff.o
 .text.sync_window
                0x0800254e       0x92 FatFs/src/ff.o
 .text.move_window
                0x080025e0       0x6c FatFs/src/ff.o
 .text.sync_fs  0x0800264c       0xf8 FatFs/src/ff.o
 .text.clust2sect
                0x08002744       0x38 FatFs/src/ff.o
 .text.get_fat  0x0800277c      0x152 FatFs/src/ff.o
 .text.put_fat  0x080028ce      0x1fe FatFs/src/ff.o
 .text.remove_chain
                0x08002acc       0xea FatFs/src/ff.o
 .text.create_chain
                0x08002bb6      0x14e FatFs/src/ff.o
 .text.clmt_clust
                0x08002d04       0x6a FatFs/src/ff.o
 *fill*         0x08002d6e        0x2 
 .text.dir_sdi  0x08002d70      0x100 FatFs/src/ff.o
 .text.dir_next
                0x08002e70      0x198 FatFs/src/ff.o
 .text.dir_alloc
                0x08003008       0xb2 FatFs/src/ff.o
 .text.ld_clust
                0x080030ba       0x3e FatFs/src/ff.o
 .text.st_clust
                0x080030f8       0x40 FatFs/src/ff.o
 .text.dir_find
                0x08003138       0xd2 FatFs/src/ff.o
 .text.dir_register
                0x0800320a       0x78 FatFs/src/ff.o
 *fill*         0x08003282        0x2 
 .text.create_name
                0x08003284      0x168 FatFs/src/ff.o
 .text.follow_path
                0x080033ec      0x112 FatFs/src/ff.o
 .text.get_ldnumber
                0x080034fe       0x84 FatFs/src/ff.o
 *fill*         0x08003582        0x2 
 .text.check_fs
                0x08003584       0xb0 FatFs/src/ff.o
 .text.find_volume
                0x08003634      0x4dc FatFs/src/ff.o
 .text.validate
                0x08003b10       0x74 FatFs/src/ff.o
 .text.f_mount  0x08003b84       0x90 FatFs/src/ff.o
                0x08003b84                f_mount
 .text.f_open   0x08003c14      0x394 FatFs/src/ff.o
                0x08003c14                f_open
 .text.f_read   0x08003fa8      0x286 FatFs/src/ff.o
                0x08003fa8                f_read
 .text.f_write  0x0800422e      0x2f6 FatFs/src/ff.o
                0x0800422e                f_write
 .text.f_sync   0x08004524      0x10e FatFs/src/ff.o
                0x08004524                f_sync
 .text.f_close  0x08004632       0x52 FatFs/src/ff.o
                0x08004632                f_close
 .text.putc_bfd
                0x08004684       0x82 FatFs/src/ff.o
 .text.putc_flush
                0x08004706       0x4a FatFs/src/ff.o
 .text.putc_init
                0x08004750       0x26 FatFs/src/ff.o
 *fill*         0x08004776        0x2 
 .text.f_printf
                0x08004778      0x4b8 FatFs/src/ff.o
                0x08004778                f_printf
 .text.FATFS_LinkDriverEx
                0x08004c30       0xac FatFs/src/ff_gen_drv.o
                0x08004c30                FATFS_LinkDriverEx
 .text.FATFS_LinkDriver
                0x08004cdc       0x20 FatFs/src/ff_gen_drv.o
                0x08004cdc                FATFS_LinkDriver
 .text.SD_initialize
                0x08004cfc       0x3c FatFs/src/drivers/sd_diskio.o
                0x08004cfc                SD_initialize
 .text.SD_status
                0x08004d38       0x3c FatFs/src/drivers/sd_diskio.o
                0x08004d38                SD_status
 .text.SD_read  0x08004d74       0x48 FatFs/src/drivers/sd_diskio.o
                0x08004d74                SD_read
 .text.SD_write
                0x08004dbc       0x48 FatFs/src/drivers/sd_diskio.o
                0x08004dbc                SD_write
 .text.SD_ioctl
                0x08004e04       0xa8 FatFs/src/drivers/sd_diskio.o
                0x08004e04                SD_ioctl
 .text.HAL_Init
                0x08004eac       0x28 HAL_Driver/Src/stm32f0xx_hal.o
                0x08004eac                HAL_Init
 .text.HAL_InitTick
                0x08004ed4       0x38 HAL_Driver/Src/stm32f0xx_hal.o
                0x08004ed4                HAL_InitTick
 .text.HAL_IncTick
                0x08004f0c       0x18 HAL_Driver/Src/stm32f0xx_hal.o
                0x08004f0c                HAL_IncTick
 .text.HAL_GetTick
                0x08004f24       0x14 HAL_Driver/Src/stm32f0xx_hal.o
                0x08004f24                HAL_GetTick
 .text.HAL_Delay
                0x08004f38       0x3a HAL_Driver/Src/stm32f0xx_hal.o
                0x08004f38                HAL_Delay
 *fill*         0x08004f72        0x2 
 .text.NVIC_EnableIRQ
                0x08004f74       0x2c HAL_Driver/Src/stm32f0xx_hal_cortex.o
 .text.NVIC_DisableIRQ
                0x08004fa0       0x30 HAL_Driver/Src/stm32f0xx_hal_cortex.o
 .text.NVIC_SetPriority
                0x08004fd0       0xdc HAL_Driver/Src/stm32f0xx_hal_cortex.o
 .text.SysTick_Config
                0x080050ac       0x48 HAL_Driver/Src/stm32f0xx_hal_cortex.o
 .text.HAL_NVIC_SetPriority
                0x080050f4       0x2a HAL_Driver/Src/stm32f0xx_hal_cortex.o
                0x080050f4                HAL_NVIC_SetPriority
 .text.HAL_NVIC_EnableIRQ
                0x0800511e       0x20 HAL_Driver/Src/stm32f0xx_hal_cortex.o
                0x0800511e                HAL_NVIC_EnableIRQ
 .text.HAL_NVIC_DisableIRQ
                0x0800513e       0x20 HAL_Driver/Src/stm32f0xx_hal_cortex.o
                0x0800513e                HAL_NVIC_DisableIRQ
 .text.HAL_SYSTICK_Config
                0x0800515e       0x1a HAL_Driver/Src/stm32f0xx_hal_cortex.o
                0x0800515e                HAL_SYSTICK_Config
 .text.HAL_SYSTICK_IRQHandler
                0x08005178        0xe HAL_Driver/Src/stm32f0xx_hal_cortex.o
                0x08005178                HAL_SYSTICK_IRQHandler
 .text.HAL_SYSTICK_Callback
                0x08005186        0xa HAL_Driver/Src/stm32f0xx_hal_cortex.o
                0x08005186                HAL_SYSTICK_Callback
 .text.HAL_GPIO_Init
                0x08005190      0x2e8 HAL_Driver/Src/stm32f0xx_hal_gpio.o
                0x08005190                HAL_GPIO_Init
 .text.HAL_GPIO_DeInit
                0x08005478      0x1a4 HAL_Driver/Src/stm32f0xx_hal_gpio.o
                0x08005478                HAL_GPIO_DeInit
 .text.HAL_GPIO_ReadPin
                0x0800561c       0x3a HAL_Driver/Src/stm32f0xx_hal_gpio.o
                0x0800561c                HAL_GPIO_ReadPin
 .text.HAL_GPIO_WritePin
                0x08005656       0x3a HAL_Driver/Src/stm32f0xx_hal_gpio.o
                0x08005656                HAL_GPIO_WritePin
 .text.HAL_MspInit
                0x08005690        0xa HAL_Driver/Src/stm32f0xx_hal_msp_template.o
                0x08005690                HAL_MspInit
 *fill*         0x0800569a        0x2 
 .text.HAL_RCC_OscConfig
                0x0800569c      0x5f0 HAL_Driver/Src/stm32f0xx_hal_rcc.o
                0x0800569c                HAL_RCC_OscConfig
 .text.HAL_RCC_ClockConfig
                0x08005c8c      0x1d0 HAL_Driver/Src/stm32f0xx_hal_rcc.o
                0x08005c8c                HAL_RCC_ClockConfig
 .text.HAL_RCC_GetSysClockFreq
                0x08005e5c       0xcc HAL_Driver/Src/stm32f0xx_hal_rcc.o
                0x08005e5c                HAL_RCC_GetSysClockFreq
 .text.HAL_RCC_GetHCLKFreq
                0x08005f28       0x14 HAL_Driver/Src/stm32f0xx_hal_rcc.o
                0x08005f28                HAL_RCC_GetHCLKFreq
 .text.HAL_RCC_GetPCLK1Freq
                0x08005f3c       0x2c HAL_Driver/Src/stm32f0xx_hal_rcc.o
                0x08005f3c                HAL_RCC_GetPCLK1Freq
 .text.HAL_SPI_Init
                0x08005f68      0x160 HAL_Driver/Src/stm32f0xx_hal_spi.o
                0x08005f68                HAL_SPI_Init
 .text.HAL_SPI_DeInit
                0x080060c8       0x52 HAL_Driver/Src/stm32f0xx_hal_spi.o
                0x080060c8                HAL_SPI_DeInit
 .text.HAL_SPI_MspInit
                0x0800611a       0x10 HAL_Driver/Src/stm32f0xx_hal_spi.o
                0x0800611a                HAL_SPI_MspInit
 .text.HAL_SPI_MspDeInit
                0x0800612a       0x10 HAL_Driver/Src/stm32f0xx_hal_spi.o
                0x0800612a                HAL_SPI_MspDeInit
 *fill*         0x0800613a        0x2 
 .text.HAL_SPI_TransmitReceive
                0x0800613c      0x5fc HAL_Driver/Src/stm32f0xx_hal_spi.o
                0x0800613c                HAL_SPI_TransmitReceive
 .text.HAL_SPI_GetState
                0x08006738       0x18 HAL_Driver/Src/stm32f0xx_hal_spi.o
                0x08006738                HAL_SPI_GetState
 .text.SPI_WaitFlagStateUntilTimeout
                0x08006750       0xdc HAL_Driver/Src/stm32f0xx_hal_spi.o
 .text.SPI_WaitFifoStateUntilTimeout
                0x0800682c       0xf4 HAL_Driver/Src/stm32f0xx_hal_spi.o
 .text.SPI_EndRxTxTransaction
                0x08006920       0x8c HAL_Driver/Src/stm32f0xx_hal_spi.o
 .text.HAL_UART_Init
                0x080069ac       0xb0 HAL_Driver/Src/stm32f0xx_hal_uart.o
                0x080069ac                HAL_UART_Init
 .text.HAL_UART_DeInit
                0x08006a5c       0x72 HAL_Driver/Src/stm32f0xx_hal_uart.o
                0x08006a5c                HAL_UART_DeInit
 .text.HAL_UART_Transmit
                0x08006ace      0x146 HAL_Driver/Src/stm32f0xx_hal_uart.o
                0x08006ace                HAL_UART_Transmit
 .text.HAL_UART_Receive_IT
                0x08006c14      0x13c HAL_Driver/Src/stm32f0xx_hal_uart.o
                0x08006c14                HAL_UART_Receive_IT
 .text.UART_SetConfig
                0x08006d50      0x31c HAL_Driver/Src/stm32f0xx_hal_uart.o
                0x08006d50                UART_SetConfig
 .text.UART_AdvFeatureConfig
                0x0800706c      0x168 HAL_Driver/Src/stm32f0xx_hal_uart.o
                0x0800706c                UART_AdvFeatureConfig
 .text.UART_CheckIdleState
                0x080071d4       0x30 HAL_Driver/Src/stm32f0xx_hal_uart.o
                0x080071d4                UART_CheckIdleState
 .text.UART_WaitOnFlagUntilTimeout
                0x08007204       0x98 HAL_Driver/Src/stm32f0xx_hal_uart.o
                0x08007204                UART_WaitOnFlagUntilTimeout
 .text.BSP_UartHwInit
                0x0800729c       0x60 Utilities/STM32F0xx-Nucleo/stm32f0xx_3dprinter_uart.o
                0x0800729c                BSP_UartHwInit
 .text.BSP_UartIfStart
                0x080072fc       0xa8 Utilities/STM32F0xx-Nucleo/stm32f0xx_3dprinter_uart.o
                0x080072fc                BSP_UartIfStart
 .text.BSP_SD_Init
                0x080073a4       0x30 Utilities/STM32F0xx-Nucleo/stm32f0xx_mpmd_sd.o
                0x080073a4                BSP_SD_Init
 .text.BSP_SD_IsDetected
                0x080073d4       0x20 Utilities/STM32F0xx-Nucleo/stm32f0xx_mpmd_sd.o
                0x080073d4                BSP_SD_IsDetected
 .text.BSP_SD_GetCardInfo
                0x080073f4       0xb8 Utilities/STM32F0xx-Nucleo/stm32f0xx_mpmd_sd.o
                0x080073f4                BSP_SD_GetCardInfo
 .text.BSP_SD_ReadBlocks
                0x080074ac      0x1e0 Utilities/STM32F0xx-Nucleo/stm32f0xx_mpmd_sd.o
                0x080074ac                BSP_SD_ReadBlocks
 .text.BSP_SD_WriteBlocks
                0x0800768c      0x1d4 Utilities/STM32F0xx-Nucleo/stm32f0xx_mpmd_sd.o
                0x0800768c                BSP_SD_WriteBlocks
 .text.BSP_SD_GetStatus
                0x08007860       0x40 Utilities/STM32F0xx-Nucleo/stm32f0xx_mpmd_sd.o
                0x08007860                BSP_SD_GetStatus
 .text.SD_GetCSDRegister
                0x080078a0      0x624 Utilities/STM32F0xx-Nucleo/stm32f0xx_mpmd_sd.o
 .text.SD_GetCIDRegister
                0x08007ec4      0x192 Utilities/STM32F0xx-Nucleo/stm32f0xx_mpmd_sd.o
 *fill*         0x08008056        0x2 
 .text.SD_SendCmd
                0x08008058      0x1d4 Utilities/STM32F0xx-Nucleo/stm32f0xx_mpmd_sd.o
 .text.SD_GetDataResponse
                0x0800822c       0x72 Utilities/STM32F0xx-Nucleo/stm32f0xx_mpmd_sd.o
 *fill*         0x0800829e        0x2 
 .text.SD_GoIdleState
                0x080082a0      0x250 Utilities/STM32F0xx-Nucleo/stm32f0xx_mpmd_sd.o
 .text.SD_ReadData
                0x080084f0       0x46 Utilities/STM32F0xx-Nucleo/stm32f0xx_mpmd_sd.o
 .text.SD_WaitData
                0x08008536       0x5e Utilities/STM32F0xx-Nucleo/stm32f0xx_mpmd_sd.o
 .text.BSP_LED_Init
                0x08008594       0x70 Utilities/STM32F0xx-Nucleo/stm32f0xx_nucleo.o
                0x08008594                BSP_LED_Init
 .text.BSP_LED_On
                0x08008604       0x2c Utilities/STM32F0xx-Nucleo/stm32f0xx_nucleo.o
                0x08008604                BSP_LED_On
 .text.BSP_LED_Off
                0x08008630       0x2c Utilities/STM32F0xx-Nucleo/stm32f0xx_nucleo.o
                0x08008630                BSP_LED_Off
 .text.BSP_PB_Init
                0x0800865c       0xc4 Utilities/STM32F0xx-Nucleo/stm32f0xx_nucleo.o
                0x0800865c                BSP_PB_Init
 .text.BSP_PB_GetState
                0x08008720       0x30 Utilities/STM32F0xx-Nucleo/stm32f0xx_nucleo.o
                0x08008720                BSP_PB_GetState
 .text.SPIx_MspInit
                0x08008750      0x104 Utilities/STM32F0xx-Nucleo/stm32f0xx_nucleo.o
 .text.SPIx_Init
                0x08008854       0x7c Utilities/STM32F0xx-Nucleo/stm32f0xx_nucleo.o
 .text.SPIx_WriteReadData
                0x080088d0       0x50 Utilities/STM32F0xx-Nucleo/stm32f0xx_nucleo.o
 .text.SPIx_Error
                0x08008920       0x1c Utilities/STM32F0xx-Nucleo/stm32f0xx_nucleo.o
 .text.SD_IO_Init
                0x0800893c       0xa4 Utilities/STM32F0xx-Nucleo/stm32f0xx_nucleo.o
                0x0800893c                SD_IO_Init
 .text.SD_IO_CSState
                0x080089e0       0x3c Utilities/STM32F0xx-Nucleo/stm32f0xx_nucleo.o
                0x080089e0                SD_IO_CSState
 .text.SD_IO_WriteReadData
                0x08008a1c       0x24 Utilities/STM32F0xx-Nucleo/stm32f0xx_nucleo.o
                0x08008a1c                SD_IO_WriteReadData
 .text.SD_IO_WriteByte
                0x08008a40       0x26 Utilities/STM32F0xx-Nucleo/stm32f0xx_nucleo.o
                0x08008a40                SD_IO_WriteByte
 .text.SystemClock_Config
                0x08008a66       0x6e src/clock_f0.o
                0x08008a66                SystemClock_Config
 .text.__io_putchar
                0x08008ad4       0x28 src/main.o
                0x08008ad4                __io_putchar
 .text.setup    0x08008afc       0x80 src/main.o
                0x08008afc                setup
 .text.loop     0x08008b7c      0x1b4 src/main.o
                0x08008b7c                loop
 .text.main     0x08008d30       0x1a src/main.o
                0x08008d30                main
 *fill*         0x08008d4a        0x2 
 .text.HAL_UART_MspInit
                0x08008d4c       0xe4 src/stm32f0xx_hal_msp.o
                0x08008d4c                HAL_UART_MspInit
 .text.HAL_UART_MspDeInit
                0x08008e30       0x6c src/stm32f0xx_hal_msp.o
                0x08008e30                HAL_UART_MspDeInit
 .text.SysTick_Handler
                0x08008e9c       0x12 src/stm32f0xx_it.o
                0x08008e9c                SysTick_Handler
 .text._read    0x08008eae       0x3a src/syscalls.o
                0x08008eae                _read
 .text._write   0x08008ee8       0x38 src/syscalls.o
                0x08008ee8                _write
 .text._sbrk    0x08008f20       0x58 src/syscalls.o
                0x08008f20                _sbrk
 .text._close   0x08008f78       0x14 src/syscalls.o
                0x08008f78                _close
 .text._fstat   0x08008f8c       0x1c src/syscalls.o
                0x08008f8c                _fstat
 .text._isatty  0x08008fa8       0x12 src/syscalls.o
                0x08008fa8                _isatty
 .text._lseek   0x08008fba       0x16 src/syscalls.o
                0x08008fba                _lseek
 .text.SystemInit
                0x08008fd0       0x94 src/system_stm32f0xx.o
                0x08008fd0                SystemInit
 .text.Reset_Handler
                0x08009064       0x50 startup/startup_stm32f070xb.o
                0x08009064                Reset_Handler
 .text.Default_Handler
                0x080090b4        0x2 startup/startup_stm32f070xb.o
                0x080090b4                TIM1_CC_IRQHandler
                0x080090b4                HardFault_Handler
                0x080090b4                TIM6_IRQHandler
                0x080090b4                PendSV_Handler
                0x080090b4                NMI_Handler
                0x080090b4                I2C1_IRQHandler
                0x080090b4                SPI1_IRQHandler
                0x080090b4                USART3_4_IRQHandler
                0x080090b4                EXTI2_3_IRQHandler
                0x080090b4                ADC1_IRQHandler
                0x080090b4                I2C2_IRQHandler
                0x080090b4                TIM17_IRQHandler
                0x080090b4                RTC_IRQHandler
                0x080090b4                TIM16_IRQHandler
                0x080090b4                TIM3_IRQHandler
                0x080090b4                EXTI4_15_IRQHandler
                0x080090b4                RCC_IRQHandler
                0x080090b4                DMA1_Channel1_IRQHandler
                0x080090b4                Default_Handler
                0x080090b4                TIM14_IRQHandler
                0x080090b4                DMA1_Channel4_5_IRQHandler
                0x080090b4                TIM7_IRQHandler
                0x080090b4                TIM15_IRQHandler
                0x080090b4                EXTI0_1_IRQHandler
                0x080090b4                USB_IRQHandler
                0x080090b4                SPI2_IRQHandler
                0x080090b4                SVC_Handler
                0x080090b4                WWDG_IRQHandler
                0x080090b4                DMA1_Channel2_3_IRQHandler
                0x080090b4                USART2_IRQHandler
                0x080090b4                FLASH_IRQHandler
                0x080090b4                USART1_IRQHandler
                0x080090b4                TIM1_BRK_UP_TRG_COM_IRQHandler
 *fill*         0x080090b6        0x2 
 .text.__errno  0x080090b8        0xc c:/ac6/systemworkbench/plugins/fr.ac6.mcu.externaltools.arm-none.win32_1.16.0.201807130628/tools/compiler/bin/../lib/gcc/arm-none-eabi/7.2.1/../../../../arm-none-eabi/lib/thumb/v6-m\libc.a(lib_a-errno.o)
                0x080090b8                __errno
 .text.__libc_init_array
                0x080090c4       0x48 c:/ac6/systemworkbench/plugins/fr.ac6.mcu.externaltools.arm-none.win32_1.16.0.201807130628/tools/compiler/bin/../lib/gcc/arm-none-eabi/7.2.1/../../../../arm-none-eabi/lib/thumb/v6-m\libc.a(lib_a-init.o)
                0x080090c4                __libc_init_array
 .text.memcpy   0x0800910c       0x88 c:/ac6/systemworkbench/plugins/fr.ac6.mcu.externaltools.arm-none.win32_1.16.0.201807130628/tools/compiler/bin/../lib/gcc/arm-none-eabi/7.2.1/../../../../arm-none-eabi/lib/thumb/v6-m\libc.a(lib_a-memcpy-stub.o)
                0x0800910c                memcpy
 .text.memset   0x08009194       0x9c c:/ac6/systemworkbench/plugins/fr.ac6.mcu.externaltools.arm-none.win32_1.16.0.201807130628/tools/compiler/bin/../lib/gcc/arm-none-eabi/7.2.1/../../../../arm-none-eabi/lib/thumb/v6-m\libc.a(lib_a-memset.o)
                0x08009194                memset
 .text.printf   0x08009230       0x24 c:/ac6/systemworkbench/plugins/fr.ac6.mcu.externaltools.arm-none.win32_1.16.0.201807130628/tools/compiler/bin/../lib/gcc/arm-none-eabi/7.2.1/../../../../arm-none-eabi/lib/thumb/v6-m\libc.a(lib_a-printf.o)
                0x08009230                printf
 .text._puts_r  0x08009254       0xa0 c:/ac6/systemworkbench/plugins/fr.ac6.mcu.externaltools.arm-none.win32_1.16.0.201807130628/tools/compiler/bin/../lib/gcc/arm-none-eabi/7.2.1/../../../../arm-none-eabi/lib/thumb/v6-m\libc.a(lib_a-puts.o)
                0x08009254                _puts_r
 .text.puts     0x080092f4       0x14 c:/ac6/systemworkbench/plugins/fr.ac6.mcu.externaltools.arm-none.win32_1.16.0.201807130628/tools/compiler/bin/../lib/gcc/arm-none-eabi/7.2.1/../../../../arm-none-eabi/lib/thumb/v6-m\libc.a(lib_a-puts.o)
                0x080092f4                puts
 .text._realloc_r
                0x08009308      0x3b0 c:/ac6/systemworkbench/plugins/fr.ac6.mcu.externaltools.arm-none.win32_1.16.0.201807130628/tools/compiler/bin/../lib/gcc/arm-none-eabi/7.2.1/../../../../arm-none-eabi/lib/thumb/v6-m\libc.a(lib_a-reallocr.o)
                0x08009308                _realloc_r
 .text.strlen   0x080096b8       0x64 c:/ac6/systemworkbench/plugins/fr.ac6.mcu.externaltools.arm-none.win32_1.16.0.201807130628/tools/compiler/bin/../lib/gcc/arm-none-eabi/7.2.1/../../../../arm-none-eabi/lib/thumb/v6-m\libc.a(lib_a-strlen-stub.o)
                0x080096b8                strlen
 .text.__sprint_r.part.0
                0x0800971c       0x80 c:/ac6/systemworkbench/plugins/fr.ac6.mcu.externaltools.arm-none.win32_1.16.0.201807130628/tools/compiler/bin/../lib/gcc/arm-none-eabi/7.2.1/../../../../arm-none-eabi/lib/thumb/v6-m\libc.a(lib_a-vfiprintf.o)
 .text.__sprint_r
                0x0800979c       0x14 c:/ac6/systemworkbench/plugins/fr.ac6.mcu.externaltools.arm-none.win32_1.16.0.201807130628/tools/compiler/bin/../lib/gcc/arm-none-eabi/7.2.1/../../../../arm-none-eabi/lib/thumb/v6-m\libc.a(lib_a-vfiprintf.o)
                0x0800979c                __sprint_r
 .text._vfprintf_r
                0x080097b0     0x167c c:/ac6/systemworkbench/plugins/fr.ac6.mcu.externaltools.arm-none.win32_1.16.0.201807130628/tools/compiler/bin/../lib/gcc/arm-none-eabi/7.2.1/../../../../arm-none-eabi/lib/thumb/v6-m\libc.a(lib_a-vfprintf.o)
                0x080097b0                _vfprintf_r
 .text.__sbprintf
                0x0800ae2c       0x88 c:/ac6/systemworkbench/plugins/fr.ac6.mcu.externaltools.arm-none.win32_1.16.0.201807130628/tools/compiler/bin/../lib/gcc/arm-none-eabi/7.2.1/../../../../arm-none-eabi/lib/thumb/v6-m\libc.a(lib_a-vfprintf.o)
 .text.__swsetup_r
                0x0800aeb4       0xd4 c:/ac6/systemworkbench/plugins/fr.ac6.mcu.externaltools.arm-none.win32_1.16.0.201807130628/tools/compiler/bin/../lib/gcc/arm-none-eabi/7.2.1/../../../../arm-none-eabi/lib/thumb/v6-m\libc.a(lib_a-wsetup.o)
                0x0800aeb4                __swsetup_r
 .text.startup.register_fini
                0x0800af88       0x18 c:/ac6/systemworkbench/plugins/fr.ac6.mcu.externaltools.arm-none.win32_1.16.0.201807130628/tools/compiler/bin/../lib/gcc/arm-none-eabi/7.2.1/../../../../arm-none-eabi/lib/thumb/v6-m\libc.a(lib_a-__call_atexit.o)
 .text.atexit   0x0800afa0       0x10 c:/ac6/systemworkbench/plugins/fr.ac6.mcu.externaltools.arm-none.win32_1.16.0.201807130628/tools/compiler/bin/../lib/gcc/arm-none-eabi/7.2.1/../../../../arm-none-eabi/lib/thumb/v6-m\libc.a(lib_a-atexit.o)
                0x0800afa0                atexit
 .text.quorem   0x0800afb0      0x154 c:/ac6/systemworkbench/plugins/fr.ac6.mcu.externaltools.arm-none.win32_1.16.0.201807130628/tools/compiler/bin/../lib/gcc/arm-none-eabi/7.2.1/../../../../arm-none-eabi/lib/thumb/v6-m\libc.a(lib_a-dtoa.o)
 .text._dtoa_r  0x0800b104      0xf54 c:/ac6/systemworkbench/plugins/fr.ac6.mcu.externaltools.arm-none.win32_1.16.0.201807130628/tools/compiler/bin/../lib/gcc/arm-none-eabi/7.2.1/../../../../arm-none-eabi/lib/thumb/v6-m\libc.a(lib_a-dtoa.o)
                0x0800b104                _dtoa_r
 .text.__sflush_r
                0x0800c058      0x150 c:/ac6/systemworkbench/plugins/fr.ac6.mcu.externaltools.arm-none.win32_1.16.0.201807130628/tools/compiler/bin/../lib/gcc/arm-none-eabi/7.2.1/../../../../arm-none-eabi/lib/thumb/v6-m\libc.a(lib_a-fflush.o)
                0x0800c058                __sflush_r
 .text._fflush_r
                0x0800c1a8       0x54 c:/ac6/systemworkbench/plugins/fr.ac6.mcu.externaltools.arm-none.win32_1.16.0.201807130628/tools/compiler/bin/../lib/gcc/arm-none-eabi/7.2.1/../../../../arm-none-eabi/lib/thumb/v6-m\libc.a(lib_a-fflush.o)
                0x0800c1a8                _fflush_r
 .text.std      0x0800c1fc       0x50 c:/ac6/systemworkbench/plugins/fr.ac6.mcu.externaltools.arm-none.win32_1.16.0.201807130628/tools/compiler/bin/../lib/gcc/arm-none-eabi/7.2.1/../../../../arm-none-eabi/lib/thumb/v6-m\libc.a(lib_a-findfp.o)
 .text._cleanup_r
                0x0800c24c       0x10 c:/ac6/systemworkbench/plugins/fr.ac6.mcu.externaltools.arm-none.win32_1.16.0.201807130628/tools/compiler/bin/../lib/gcc/arm-none-eabi/7.2.1/../../../../arm-none-eabi/lib/thumb/v6-m\libc.a(lib_a-findfp.o)
                0x0800c24c                _cleanup_r
 .text.__sinit  0x0800c25c       0x60 c:/ac6/systemworkbench/plugins/fr.ac6.mcu.externaltools.arm-none.win32_1.16.0.201807130628/tools/compiler/bin/../lib/gcc/arm-none-eabi/7.2.1/../../../../arm-none-eabi/lib/thumb/v6-m\libc.a(lib_a-findfp.o)
                0x0800c25c                __sinit
 .text.__sfp_lock_acquire
                0x0800c2bc       0x10 c:/ac6/systemworkbench/plugins/fr.ac6.mcu.externaltools.arm-none.win32_1.16.0.201807130628/tools/compiler/bin/../lib/gcc/arm-none-eabi/7.2.1/../../../../arm-none-eabi/lib/thumb/v6-m\libc.a(lib_a-findfp.o)
                0x0800c2bc                __sfp_lock_acquire
 .text.__sfp_lock_release
                0x0800c2cc       0x10 c:/ac6/systemworkbench/plugins/fr.ac6.mcu.externaltools.arm-none.win32_1.16.0.201807130628/tools/compiler/bin/../lib/gcc/arm-none-eabi/7.2.1/../../../../arm-none-eabi/lib/thumb/v6-m\libc.a(lib_a-findfp.o)
                0x0800c2cc                __sfp_lock_release
 .text.__libc_fini_array
                0x0800c2dc       0x34 c:/ac6/systemworkbench/plugins/fr.ac6.mcu.externaltools.arm-none.win32_1.16.0.201807130628/tools/compiler/bin/../lib/gcc/arm-none-eabi/7.2.1/../../../../arm-none-eabi/lib/thumb/v6-m\libc.a(lib_a-fini.o)
                0x0800c2dc                __libc_fini_array
 .text.__fputwc
                0x0800c310       0x94 c:/ac6/systemworkbench/plugins/fr.ac6.mcu.externaltools.arm-none.win32_1.16.0.201807130628/tools/compiler/bin/../lib/gcc/arm-none-eabi/7.2.1/../../../../arm-none-eabi/lib/thumb/v6-m\libc.a(lib_a-fputwc.o)
                0x0800c310                __fputwc
 .text._fputwc_r
                0x0800c3a4       0x5c c:/ac6/systemworkbench/plugins/fr.ac6.mcu.externaltools.arm-none.win32_1.16.0.201807130628/tools/compiler/bin/../lib/gcc/arm-none-eabi/7.2.1/../../../../arm-none-eabi/lib/thumb/v6-m\libc.a(lib_a-fputwc.o)
                0x0800c3a4                _fputwc_r
 .text._malloc_trim_r
                0x0800c400       0xa0 c:/ac6/systemworkbench/plugins/fr.ac6.mcu.externaltools.arm-none.win32_1.16.0.201807130628/tools/compiler/bin/../lib/gcc/arm-none-eabi/7.2.1/../../../../arm-none-eabi/lib/thumb/v6-m\libc.a(lib_a-freer.o)
                0x0800c400                _malloc_trim_r
 .text._free_r  0x0800c4a0      0x1d4 c:/ac6/systemworkbench/plugins/fr.ac6.mcu.externaltools.arm-none.win32_1.16.0.201807130628/tools/compiler/bin/../lib/gcc/arm-none-eabi/7.2.1/../../../../arm-none-eabi/lib/thumb/v6-m\libc.a(lib_a-freer.o)
                0x0800c4a0                _free_r
 .text.__sfvwrite_r
                0x0800c674      0x2fc c:/ac6/systemworkbench/plugins/fr.ac6.mcu.externaltools.arm-none.win32_1.16.0.201807130628/tools/compiler/bin/../lib/gcc/arm-none-eabi/7.2.1/../../../../arm-none-eabi/lib/thumb/v6-m\libc.a(lib_a-fvwrite.o)
                0x0800c674                __sfvwrite_r
 .text._fwalk_reent
                0x0800c970       0x4c c:/ac6/systemworkbench/plugins/fr.ac6.mcu.externaltools.arm-none.win32_1.16.0.201807130628/tools/compiler/bin/../lib/gcc/arm-none-eabi/7.2.1/../../../../arm-none-eabi/lib/thumb/v6-m\libc.a(lib_a-fwalk.o)
                0x0800c970                _fwalk_reent
 .text.__locale_mb_cur_max
                0x0800c9bc       0x1c c:/ac6/systemworkbench/plugins/fr.ac6.mcu.externaltools.arm-none.win32_1.16.0.201807130628/tools/compiler/bin/../lib/gcc/arm-none-eabi/7.2.1/../../../../arm-none-eabi/lib/thumb/v6-m\libc.a(lib_a-locale.o)
                0x0800c9bc                __locale_mb_cur_max
 .text._localeconv_r
                0x0800c9d8       0x18 c:/ac6/systemworkbench/plugins/fr.ac6.mcu.externaltools.arm-none.win32_1.16.0.201807130628/tools/compiler/bin/../lib/gcc/arm-none-eabi/7.2.1/../../../../arm-none-eabi/lib/thumb/v6-m\libc.a(lib_a-localeconv.o)
                0x0800c9d8                _localeconv_r
 .text.__retarget_lock_init_recursive
                0x0800c9f0        0x4 c:/ac6/systemworkbench/plugins/fr.ac6.mcu.externaltools.arm-none.win32_1.16.0.201807130628/tools/compiler/bin/../lib/gcc/arm-none-eabi/7.2.1/../../../../arm-none-eabi/lib/thumb/v6-m\libc.a(lib_a-lock.o)
                0x0800c9f0                __retarget_lock_init_recursive
 .text.__retarget_lock_close_recursive
                0x0800c9f4        0x4 c:/ac6/systemworkbench/plugins/fr.ac6.mcu.externaltools.arm-none.win32_1.16.0.201807130628/tools/compiler/bin/../lib/gcc/arm-none-eabi/7.2.1/../../../../arm-none-eabi/lib/thumb/v6-m\libc.a(lib_a-lock.o)
                0x0800c9f4                __retarget_lock_close_recursive
 .text.__retarget_lock_acquire_recursive
                0x0800c9f8        0x4 c:/ac6/systemworkbench/plugins/fr.ac6.mcu.externaltools.arm-none.win32_1.16.0.201807130628/tools/compiler/bin/../lib/gcc/arm-none-eabi/7.2.1/../../../../arm-none-eabi/lib/thumb/v6-m\libc.a(lib_a-lock.o)
                0x0800c9f8                __retarget_lock_acquire_recursive
 .text.__retarget_lock_release_recursive
                0x0800c9fc        0x4 c:/ac6/systemworkbench/plugins/fr.ac6.mcu.externaltools.arm-none.win32_1.16.0.201807130628/tools/compiler/bin/../lib/gcc/arm-none-eabi/7.2.1/../../../../arm-none-eabi/lib/thumb/v6-m\libc.a(lib_a-lock.o)
                0x0800c9fc                __retarget_lock_release_recursive
 .text.__swhatbuf_r
                0x0800ca00       0x60 c:/ac6/systemworkbench/plugins/fr.ac6.mcu.externaltools.arm-none.win32_1.16.0.201807130628/tools/compiler/bin/../lib/gcc/arm-none-eabi/7.2.1/../../../../arm-none-eabi/lib/thumb/v6-m\libc.a(lib_a-makebuf.o)
                0x0800ca00                __swhatbuf_r
 .text.__smakebuf_r
                0x0800ca60       0x90 c:/ac6/systemworkbench/plugins/fr.ac6.mcu.externaltools.arm-none.win32_1.16.0.201807130628/tools/compiler/bin/../lib/gcc/arm-none-eabi/7.2.1/../../../../arm-none-eabi/lib/thumb/v6-m\libc.a(lib_a-makebuf.o)
                0x0800ca60                __smakebuf_r
 .text._malloc_r
                0x0800caf0      0x554 c:/ac6/systemworkbench/plugins/fr.ac6.mcu.externaltools.arm-none.win32_1.16.0.201807130628/tools/compiler/bin/../lib/gcc/arm-none-eabi/7.2.1/../../../../arm-none-eabi/lib/thumb/v6-m\libc.a(lib_a-mallocr.o)
                0x0800caf0                _malloc_r
 .text.__ascii_mbtowc
                0x0800d044       0x2c c:/ac6/systemworkbench/plugins/fr.ac6.mcu.externaltools.arm-none.win32_1.16.0.201807130628/tools/compiler/bin/../lib/gcc/arm-none-eabi/7.2.1/../../../../arm-none-eabi/lib/thumb/v6-m\libc.a(lib_a-mbtowc_r.o)
                0x0800d044                __ascii_mbtowc
 .text.memchr   0x0800d070       0x80 c:/ac6/systemworkbench/plugins/fr.ac6.mcu.externaltools.arm-none.win32_1.16.0.201807130628/tools/compiler/bin/../lib/gcc/arm-none-eabi/7.2.1/../../../../arm-none-eabi/lib/thumb/v6-m\libc.a(lib_a-memchr-stub.o)
                0x0800d070                memchr
 .text.memmove  0x0800d0f0       0x9c c:/ac6/systemworkbench/plugins/fr.ac6.mcu.externaltools.arm-none.win32_1.16.0.201807130628/tools/compiler/bin/../lib/gcc/arm-none-eabi/7.2.1/../../../../arm-none-eabi/lib/thumb/v6-m\libc.a(lib_a-memmove.o)
                0x0800d0f0                memmove
 .text.__malloc_lock
                0x0800d18c       0x10 c:/ac6/systemworkbench/plugins/fr.ac6.mcu.externaltools.arm-none.win32_1.16.0.201807130628/tools/compiler/bin/../lib/gcc/arm-none-eabi/7.2.1/../../../../arm-none-eabi/lib/thumb/v6-m\libc.a(lib_a-mlock.o)
                0x0800d18c                __malloc_lock
 .text.__malloc_unlock
                0x0800d19c       0x10 c:/ac6/systemworkbench/plugins/fr.ac6.mcu.externaltools.arm-none.win32_1.16.0.201807130628/tools/compiler/bin/../lib/gcc/arm-none-eabi/7.2.1/../../../../arm-none-eabi/lib/thumb/v6-m\libc.a(lib_a-mlock.o)
                0x0800d19c                __malloc_unlock
 .text._Balloc  0x0800d1ac       0x50 c:/ac6/systemworkbench/plugins/fr.ac6.mcu.externaltools.arm-none.win32_1.16.0.201807130628/tools/compiler/bin/../lib/gcc/arm-none-eabi/7.2.1/../../../../arm-none-eabi/lib/thumb/v6-m\libc.a(lib_a-mprec.o)
                0x0800d1ac                _Balloc
 .text._Bfree   0x0800d1fc       0x14 c:/ac6/systemworkbench/plugins/fr.ac6.mcu.externaltools.arm-none.win32_1.16.0.201807130628/tools/compiler/bin/../lib/gcc/arm-none-eabi/7.2.1/../../../../arm-none-eabi/lib/thumb/v6-m\libc.a(lib_a-mprec.o)
                0x0800d1fc                _Bfree
 .text.__multadd
                0x0800d210       0x8c c:/ac6/systemworkbench/plugins/fr.ac6.mcu.externaltools.arm-none.win32_1.16.0.201807130628/tools/compiler/bin/../lib/gcc/arm-none-eabi/7.2.1/../../../../arm-none-eabi/lib/thumb/v6-m\libc.a(lib_a-mprec.o)
                0x0800d210                __multadd
 .text.__hi0bits
                0x0800d29c       0x38 c:/ac6/systemworkbench/plugins/fr.ac6.mcu.externaltools.arm-none.win32_1.16.0.201807130628/tools/compiler/bin/../lib/gcc/arm-none-eabi/7.2.1/../../../../arm-none-eabi/lib/thumb/v6-m\libc.a(lib_a-mprec.o)
                0x0800d29c                __hi0bits
 .text.__lo0bits
                0x0800d2d4       0x5c c:/ac6/systemworkbench/plugins/fr.ac6.mcu.externaltools.arm-none.win32_1.16.0.201807130628/tools/compiler/bin/../lib/gcc/arm-none-eabi/7.2.1/../../../../arm-none-eabi/lib/thumb/v6-m\libc.a(lib_a-mprec.o)
                0x0800d2d4                __lo0bits
 .text.__i2b    0x0800d330       0x14 c:/ac6/systemworkbench/plugins/fr.ac6.mcu.externaltools.arm-none.win32_1.16.0.201807130628/tools/compiler/bin/../lib/gcc/arm-none-eabi/7.2.1/../../../../arm-none-eabi/lib/thumb/v6-m\libc.a(lib_a-mprec.o)
                0x0800d330                __i2b
 .text.__multiply
                0x0800d344      0x178 c:/ac6/systemworkbench/plugins/fr.ac6.mcu.externaltools.arm-none.win32_1.16.0.201807130628/tools/compiler/bin/../lib/gcc/arm-none-eabi/7.2.1/../../../../arm-none-eabi/lib/thumb/v6-m\libc.a(lib_a-mprec.o)
                0x0800d344                __multiply
 .text.__pow5mult
                0x0800d4bc       0xc0 c:/ac6/systemworkbench/plugins/fr.ac6.mcu.externaltools.arm-none.win32_1.16.0.201807130628/tools/compiler/bin/../lib/gcc/arm-none-eabi/7.2.1/../../../../arm-none-eabi/lib/thumb/v6-m\libc.a(lib_a-mprec.o)
                0x0800d4bc                __pow5mult
 .text.__lshift
                0x0800d57c       0xc8 c:/ac6/systemworkbench/plugins/fr.ac6.mcu.externaltools.arm-none.win32_1.16.0.201807130628/tools/compiler/bin/../lib/gcc/arm-none-eabi/7.2.1/../../../../arm-none-eabi/lib/thumb/v6-m\libc.a(lib_a-mprec.o)
                0x0800d57c                __lshift
 .text.__mcmp   0x0800d644       0x34 c:/ac6/systemworkbench/plugins/fr.ac6.mcu.externaltools.arm-none.win32_1.16.0.201807130628/tools/compiler/bin/../lib/gcc/arm-none-eabi/7.2.1/../../../../arm-none-eabi/lib/thumb/v6-m\libc.a(lib_a-mprec.o)
                0x0800d644                __mcmp
 .text.__mdiff  0x0800d678      0x124 c:/ac6/systemworkbench/plugins/fr.ac6.mcu.externaltools.arm-none.win32_1.16.0.201807130628/tools/compiler/bin/../lib/gcc/arm-none-eabi/7.2.1/../../../../arm-none-eabi/lib/thumb/v6-m\libc.a(lib_a-mprec.o)
                0x0800d678                __mdiff
 .text.__d2b    0x0800d79c       0xbc c:/ac6/systemworkbench/plugins/fr.ac6.mcu.externaltools.arm-none.win32_1.16.0.201807130628/tools/compiler/bin/../lib/gcc/arm-none-eabi/7.2.1/../../../../arm-none-eabi/lib/thumb/v6-m\libc.a(lib_a-mprec.o)
                0x0800d79c                __d2b
 .text._sbrk_r  0x0800d858       0x24 c:/ac6/systemworkbench/plugins/fr.ac6.mcu.externaltools.arm-none.win32_1.16.0.201807130628/tools/compiler/bin/../lib/gcc/arm-none-eabi/7.2.1/../../../../arm-none-eabi/lib/thumb/v6-m\libc.a(lib_a-sbrkr.o)
                0x0800d858                _sbrk_r
 .text.__sread  0x0800d87c       0x28 c:/ac6/systemworkbench/plugins/fr.ac6.mcu.externaltools.arm-none.win32_1.16.0.201807130628/tools/compiler/bin/../lib/gcc/arm-none-eabi/7.2.1/../../../../arm-none-eabi/lib/thumb/v6-m\libc.a(lib_a-stdio.o)
                0x0800d87c                __sread
 .text.__swrite
                0x0800d8a4       0x3c c:/ac6/systemworkbench/plugins/fr.ac6.mcu.externaltools.arm-none.win32_1.16.0.201807130628/tools/compiler/bin/../lib/gcc/arm-none-eabi/7.2.1/../../../../arm-none-eabi/lib/thumb/v6-m\libc.a(lib_a-stdio.o)
                0x0800d8a4                __swrite
 .text.__sseek  0x0800d8e0       0x2c c:/ac6/systemworkbench/plugins/fr.ac6.mcu.externaltools.arm-none.win32_1.16.0.201807130628/tools/compiler/bin/../lib/gcc/arm-none-eabi/7.2.1/../../../../arm-none-eabi/lib/thumb/v6-m\libc.a(lib_a-stdio.o)
                0x0800d8e0                __sseek
 .text.__sclose
                0x0800d90c        0xc c:/ac6/systemworkbench/plugins/fr.ac6.mcu.externaltools.arm-none.win32_1.16.0.201807130628/tools/compiler/bin/../lib/gcc/arm-none-eabi/7.2.1/../../../../arm-none-eabi/lib/thumb/v6-m\libc.a(lib_a-stdio.o)
                0x0800d90c                __sclose
 .text.__swbuf_r
                0x0800d918       0xc8 c:/ac6/systemworkbench/plugins/fr.ac6.mcu.externaltools.arm-none.win32_1.16.0.201807130628/tools/compiler/bin/../lib/gcc/arm-none-eabi/7.2.1/../../../../arm-none-eabi/lib/thumb/v6-m\libc.a(lib_a-wbuf.o)
                0x0800d918                __swbuf_r
 .text._wcrtomb_r
                0x0800d9e0       0x58 c:/ac6/systemworkbench/plugins/fr.ac6.mcu.externaltools.arm-none.win32_1.16.0.201807130628/tools/compiler/bin/../lib/gcc/arm-none-eabi/7.2.1/../../../../arm-none-eabi/lib/thumb/v6-m\libc.a(lib_a-wcrtomb.o)
                0x0800d9e0                _wcrtomb_r
 .text.__ascii_wctomb
                0x0800da38       0x1c c:/ac6/systemworkbench/plugins/fr.ac6.mcu.externaltools.arm-none.win32_1.16.0.201807130628/tools/compiler/bin/../lib/gcc/arm-none-eabi/7.2.1/../../../../arm-none-eabi/lib/thumb/v6-m\libc.a(lib_a-wctomb_r.o)
                0x0800da38                __ascii_wctomb
 .text._write_r
                0x0800da54       0x28 c:/ac6/systemworkbench/plugins/fr.ac6.mcu.externaltools.arm-none.win32_1.16.0.201807130628/tools/compiler/bin/../lib/gcc/arm-none-eabi/7.2.1/../../../../arm-none-eabi/lib/thumb/v6-m\libc.a(lib_a-writer.o)
                0x0800da54                _write_r
 .text.__register_exitproc
                0x0800da7c       0xf4 c:/ac6/systemworkbench/plugins/fr.ac6.mcu.externaltools.arm-none.win32_1.16.0.201807130628/tools/compiler/bin/../lib/gcc/arm-none-eabi/7.2.1/../../../../arm-none-eabi/lib/thumb/v6-m\libc.a(lib_a-__atexit.o)
                0x0800da7c                __register_exitproc
 .text._calloc_r
                0x0800db70       0x58 c:/ac6/systemworkbench/plugins/fr.ac6.mcu.externaltools.arm-none.win32_1.16.0.201807130628/tools/compiler/bin/../lib/gcc/arm-none-eabi/7.2.1/../../../../arm-none-eabi/lib/thumb/v6-m\libc.a(lib_a-callocr.o)
                0x0800db70                _calloc_r
 .text._close_r
                0x0800dbc8       0x24 c:/ac6/systemworkbench/plugins/fr.ac6.mcu.externaltools.arm-none.win32_1.16.0.201807130628/tools/compiler/bin/../lib/gcc/arm-none-eabi/7.2.1/../../../../arm-none-eabi/lib/thumb/v6-m\libc.a(lib_a-closer.o)
                0x0800dbc8                _close_r
 .text._fclose_r
                0x0800dbec       0xd8 c:/ac6/systemworkbench/plugins/fr.ac6.mcu.externaltools.arm-none.win32_1.16.0.201807130628/tools/compiler/bin/../lib/gcc/arm-none-eabi/7.2.1/../../../../arm-none-eabi/lib/thumb/v6-m\libc.a(lib_a-fclose.o)
                0x0800dbec                _fclose_r
 .text._fstat_r
                0x0800dcc4       0x28 c:/ac6/systemworkbench/plugins/fr.ac6.mcu.externaltools.arm-none.win32_1.16.0.201807130628/tools/compiler/bin/../lib/gcc/arm-none-eabi/7.2.1/../../../../arm-none-eabi/lib/thumb/v6-m\libc.a(lib_a-fstatr.o)
                0x0800dcc4                _fstat_r
 .text._isatty_r
                0x0800dcec       0x24 c:/ac6/systemworkbench/plugins/fr.ac6.mcu.externaltools.arm-none.win32_1.16.0.201807130628/tools/compiler/bin/../lib/gcc/arm-none-eabi/7.2.1/../../../../arm-none-eabi/lib/thumb/v6-m\libc.a(lib_a-isattyr.o)
                0x0800dcec                _isatty_r
 .text._lseek_r
                0x0800dd10       0x28 c:/ac6/systemworkbench/plugins/fr.ac6.mcu.externaltools.arm-none.win32_1.16.0.201807130628/tools/compiler/bin/../lib/gcc/arm-none-eabi/7.2.1/../../../../arm-none-eabi/lib/thumb/v6-m\libc.a(lib_a-lseekr.o)
                0x0800dd10                _lseek_r
 .text._read_r  0x0800dd38       0x28 c:/ac6/systemworkbench/plugins/fr.ac6.mcu.externaltools.arm-none.win32_1.16.0.201807130628/tools/compiler/bin/../lib/gcc/arm-none-eabi/7.2.1/../../../../arm-none-eabi/lib/thumb/v6-m\libc.a(lib_a-readr.o)
                0x0800dd38                _read_r
 *(.glue_7)
 .glue_7        0x0800dd60        0x0 linker stubs
 *(.glue_7t)
 .glue_7t       0x0800dd60        0x0 linker stubs
 *(.eh_frame)
 .eh_frame      0x0800dd60        0x0 c:/ac6/systemworkbench/plugins/fr.ac6.mcu.externaltools.arm-none.win32_1.16.0.201807130628/tools/compiler/bin/../lib/gcc/arm-none-eabi/7.2.1/thumb/v6-m/crtbegin.o
 *(.init)
 .init          0x0800dd60        0x4 c:/ac6/systemworkbench/plugins/fr.ac6.mcu.externaltools.arm-none.win32_1.16.0.201807130628/tools/compiler/bin/../lib/gcc/arm-none-eabi/7.2.1/thumb/v6-m/crti.o
                0x0800dd60                _init
 .init          0x0800dd64        0x8 c:/ac6/systemworkbench/plugins/fr.ac6.mcu.externaltools.arm-none.win32_1.16.0.201807130628/tools/compiler/bin/../lib/gcc/arm-none-eabi/7.2.1/thumb/v6-m/crtn.o
 *(.fini)
 .fini          0x0800dd6c        0x4 c:/ac6/systemworkbench/plugins/fr.ac6.mcu.externaltools.arm-none.win32_1.16.0.201807130628/tools/compiler/bin/../lib/gcc/arm-none-eabi/7.2.1/thumb/v6-m/crti.o
                0x0800dd6c                _fini
 .fini          0x0800dd70        0x8 c:/ac6/systemworkbench/plugins/fr.ac6.mcu.externaltools.arm-none.win32_1.16.0.201807130628/tools/compiler/bin/../lib/gcc/arm-none-eabi/7.2.1/thumb/v6-m/crtn.o
                0x0800dd78                . = ALIGN (0x4)
                0x0800dd78                _etext = .

.vfp11_veneer   0x0800dd78        0x0
 .vfp11_veneer  0x0800dd78        0x0 linker stubs

.v4_bx          0x0800dd78        0x0
 .v4_bx         0x0800dd78        0x0 linker stubs

.iplt           0x0800dd78        0x0
 .iplt          0x0800dd78        0x0 c:/ac6/systemworkbench/plugins/fr.ac6.mcu.externaltools.arm-none.win32_1.16.0.201807130628/tools/compiler/bin/../lib/gcc/arm-none-eabi/7.2.1/thumb/v6-m/crtbegin.o

.rodata         0x0800dd78      0x680
                0x0800dd78                . = ALIGN (0x4)
 *(.rodata)
 .rodata        0x0800dd78      0x13e FatFs/src/ff.o
 *fill*         0x0800deb6        0x2 
 .rodata        0x0800deb8       0x14 FatFs/src/drivers/sd_diskio.o
                0x0800deb8                SD_Driver
 .rodata        0x0800decc       0x20 HAL_Driver/Src/stm32f0xx_hal_rcc.o
 .rodata        0x0800deec       0x20 Utilities/STM32F0xx-Nucleo/stm32f0xx_mpmd_sd.o
 .rodata        0x0800df0c       0x64 src/main.o
 .rodata        0x0800df70       0x18 src/system_stm32f0xx.o
                0x0800df70                AHBPrescTable
                0x0800df80                APBPrescTable
 .rodata        0x0800df88       0x40 c:/ac6/systemworkbench/plugins/fr.ac6.mcu.externaltools.arm-none.win32_1.16.0.201807130628/tools/compiler/bin/../lib/gcc/arm-none-eabi/7.2.1/thumb/v6-m\libgcc.a(divdf3.o)
 .rodata        0x0800dfc8       0x40 c:/ac6/systemworkbench/plugins/fr.ac6.mcu.externaltools.arm-none.win32_1.16.0.201807130628/tools/compiler/bin/../lib/gcc/arm-none-eabi/7.2.1/thumb/v6-m\libgcc.a(muldf3.o)
 *(.rodata*)
 .rodata._global_impure_ptr
                0x0800e008        0x4 c:/ac6/systemworkbench/plugins/fr.ac6.mcu.externaltools.arm-none.win32_1.16.0.201807130628/tools/compiler/bin/../lib/gcc/arm-none-eabi/7.2.1/../../../../arm-none-eabi/lib/thumb/v6-m\libc.a(lib_a-impure.o)
                0x0800e008                _global_impure_ptr
 .rodata._puts_r.str1.4
                0x0800e00c        0x2 c:/ac6/systemworkbench/plugins/fr.ac6.mcu.externaltools.arm-none.win32_1.16.0.201807130628/tools/compiler/bin/../lib/gcc/arm-none-eabi/7.2.1/../../../../arm-none-eabi/lib/thumb/v6-m\libc.a(lib_a-puts.o)
 *fill*         0x0800e00e        0x2 
 .rodata._vfprintf_r
                0x0800e010      0x164 c:/ac6/systemworkbench/plugins/fr.ac6.mcu.externaltools.arm-none.win32_1.16.0.201807130628/tools/compiler/bin/../lib/gcc/arm-none-eabi/7.2.1/../../../../arm-none-eabi/lib/thumb/v6-m\libc.a(lib_a-vfprintf.o)
 .rodata._vfprintf_r.str1.4
                0x0800e174       0x42 c:/ac6/systemworkbench/plugins/fr.ac6.mcu.externaltools.arm-none.win32_1.16.0.201807130628/tools/compiler/bin/../lib/gcc/arm-none-eabi/7.2.1/../../../../arm-none-eabi/lib/thumb/v6-m\libc.a(lib_a-vfprintf.o)
 *fill*         0x0800e1b6        0x2 
 .rodata.blanks.7291
                0x0800e1b8       0x10 c:/ac6/systemworkbench/plugins/fr.ac6.mcu.externaltools.arm-none.win32_1.16.0.201807130628/tools/compiler/bin/../lib/gcc/arm-none-eabi/7.2.1/../../../../arm-none-eabi/lib/thumb/v6-m\libc.a(lib_a-vfprintf.o)
 .rodata.zeroes.7292
                0x0800e1c8       0x10 c:/ac6/systemworkbench/plugins/fr.ac6.mcu.externaltools.arm-none.win32_1.16.0.201807130628/tools/compiler/bin/../lib/gcc/arm-none-eabi/7.2.1/../../../../arm-none-eabi/lib/thumb/v6-m\libc.a(lib_a-vfprintf.o)
 .rodata._dtoa_r.str1.4
                0x0800e1d8       0x10 c:/ac6/systemworkbench/plugins/fr.ac6.mcu.externaltools.arm-none.win32_1.16.0.201807130628/tools/compiler/bin/../lib/gcc/arm-none-eabi/7.2.1/../../../../arm-none-eabi/lib/thumb/v6-m\libc.a(lib_a-dtoa.o)
                                 0x12 (size before relaxing)
 .rodata._setlocale_r.str1.4
                0x0800e1e8        0xa c:/ac6/systemworkbench/plugins/fr.ac6.mcu.externaltools.arm-none.win32_1.16.0.201807130628/tools/compiler/bin/../lib/gcc/arm-none-eabi/7.2.1/../../../../arm-none-eabi/lib/thumb/v6-m\libc.a(lib_a-locale.o)
                                  0xd (size before relaxing)
 *fill*         0x0800e1f2        0x2 
 .rodata.str1.4
                0x0800e1f4        0x4 c:/ac6/systemworkbench/plugins/fr.ac6.mcu.externaltools.arm-none.win32_1.16.0.201807130628/tools/compiler/bin/../lib/gcc/arm-none-eabi/7.2.1/../../../../arm-none-eabi/lib/thumb/v6-m\libc.a(lib_a-locale.o)
                                  0x2 (size before relaxing)
 .rodata.__mprec_bigtens
                0x0800e1f8       0x28 c:/ac6/systemworkbench/plugins/fr.ac6.mcu.externaltools.arm-none.win32_1.16.0.201807130628/tools/compiler/bin/../lib/gcc/arm-none-eabi/7.2.1/../../../../arm-none-eabi/lib/thumb/v6-m\libc.a(lib_a-mprec.o)
                0x0800e1f8                __mprec_bigtens
 .rodata.__mprec_tens
                0x0800e220       0xc8 c:/ac6/systemworkbench/plugins/fr.ac6.mcu.externaltools.arm-none.win32_1.16.0.201807130628/tools/compiler/bin/../lib/gcc/arm-none-eabi/7.2.1/../../../../arm-none-eabi/lib/thumb/v6-m\libc.a(lib_a-mprec.o)
                0x0800e220                __mprec_tens
 .rodata.p05.6092
                0x0800e2e8        0xc c:/ac6/systemworkbench/plugins/fr.ac6.mcu.externaltools.arm-none.win32_1.16.0.201807130628/tools/compiler/bin/../lib/gcc/arm-none-eabi/7.2.1/../../../../arm-none-eabi/lib/thumb/v6-m\libc.a(lib_a-mprec.o)
 .rodata._ctype_
                0x0800e2f4      0x101 c:/ac6/systemworkbench/plugins/fr.ac6.mcu.externaltools.arm-none.win32_1.16.0.201807130628/tools/compiler/bin/../lib/gcc/arm-none-eabi/7.2.1/../../../../arm-none-eabi/lib/thumb/v6-m\libc.a(lib_a-ctype_.o)
                0x0800e2f4                _ctype_
                0x0800e3f8                . = ALIGN (0x4)
 *fill*         0x0800e3f5        0x3 

.ARM.extab
 *(.ARM.extab* .gnu.linkonce.armextab.*)

.ARM            0x0800e3f8        0x8
                0x0800e3f8                __exidx_start = .
 *(.ARM.exidx*)
 .ARM.exidx     0x0800e3f8        0x8 c:/ac6/systemworkbench/plugins/fr.ac6.mcu.externaltools.arm-none.win32_1.16.0.201807130628/tools/compiler/bin/../lib/gcc/arm-none-eabi/7.2.1/thumb/v6-m\libgcc.a(_udivmoddi4.o)
                0x0800e400                __exidx_end = .

.rel.dyn        0x0800e400        0x0
 .rel.iplt      0x0800e400        0x0 c:/ac6/systemworkbench/plugins/fr.ac6.mcu.externaltools.arm-none.win32_1.16.0.201807130628/tools/compiler/bin/../lib/gcc/arm-none-eabi/7.2.1/thumb/v6-m/crtbegin.o

.preinit_array  0x0800e400        0x0
                0x0800e400                PROVIDE (__preinit_array_start, .)
 *(.preinit_array*)
                0x0800e400                PROVIDE (__preinit_array_end, .)

.init_array     0x0800e400        0x8
                0x0800e400                PROVIDE (__init_array_start, .)
 *(SORT_BY_NAME(.init_array.*))
 .init_array.00000
                0x0800e400        0x4 c:/ac6/systemworkbench/plugins/fr.ac6.mcu.externaltools.arm-none.win32_1.16.0.201807130628/tools/compiler/bin/../lib/gcc/arm-none-eabi/7.2.1/../../../../arm-none-eabi/lib/thumb/v6-m\libc.a(lib_a-__call_atexit.o)
 *(.init_array*)
 .init_array    0x0800e404        0x4 c:/ac6/systemworkbench/plugins/fr.ac6.mcu.externaltools.arm-none.win32_1.16.0.201807130628/tools/compiler/bin/../lib/gcc/arm-none-eabi/7.2.1/thumb/v6-m/crtbegin.o
                0x0800e408                PROVIDE (__init_array_end, .)

.fini_array     0x0800e408        0x4
                0x0800e408                PROVIDE (__fini_array_start, .)
 *(SORT_BY_NAME(.fini_array.*))
 *(.fini_array*)
 .fini_array    0x0800e408        0x4 c:/ac6/systemworkbench/plugins/fr.ac6.mcu.externaltools.arm-none.win32_1.16.0.201807130628/tools/compiler/bin/../lib/gcc/arm-none-eabi/7.2.1/thumb/v6-m/crtbegin.o
                0x0800e40c                PROVIDE (__fini_array_end, .)
                0x0800e40c                _sidata = LOADADDR (.data)

.data           0x20000000      0x9c0 load address 0x0800e40c
                0x20000000                . = ALIGN (0x4)
                0x20000000                _sdata = .
 *(.data)
 .data          0x20000000        0x1 FatFs/src/drivers/sd_diskio.o
 *fill*         0x20000001        0x3 
 .data          0x20000004        0xc Utilities/STM32F0xx-Nucleo/stm32f0xx_nucleo.o
                0x20000004                LED_PORT
                0x20000008                BUTTON_PORT
                0x2000000c                SpixTimeout
 .data          0x20000010        0x4 src/system_stm32f0xx.o
                0x20000010                SystemCoreClock
 *(.data*)
 .data._impure_ptr
                0x20000014        0x4 c:/ac6/systemworkbench/plugins/fr.ac6.mcu.externaltools.arm-none.win32_1.16.0.201807130628/tools/compiler/bin/../lib/gcc/arm-none-eabi/7.2.1/../../../../arm-none-eabi/lib/thumb/v6-m\libc.a(lib_a-impure.o)
                0x20000014                _impure_ptr
 .data.impure_data
                0x20000018      0x428 c:/ac6/systemworkbench/plugins/fr.ac6.mcu.externaltools.arm-none.win32_1.16.0.201807130628/tools/compiler/bin/../lib/gcc/arm-none-eabi/7.2.1/../../../../arm-none-eabi/lib/thumb/v6-m\libc.a(lib_a-impure.o)
 .data.__atexit_recursive_mutex
                0x20000440        0x4 c:/ac6/systemworkbench/plugins/fr.ac6.mcu.externaltools.arm-none.win32_1.16.0.201807130628/tools/compiler/bin/../lib/gcc/arm-none-eabi/7.2.1/../../../../arm-none-eabi/lib/thumb/v6-m\libc.a(lib_a-__call_atexit.o)
                0x20000440                __atexit_recursive_mutex
 .data.__global_locale
                0x20000444      0x16c c:/ac6/systemworkbench/plugins/fr.ac6.mcu.externaltools.arm-none.win32_1.16.0.201807130628/tools/compiler/bin/../lib/gcc/arm-none-eabi/7.2.1/../../../../arm-none-eabi/lib/thumb/v6-m\libc.a(lib_a-locale.o)
                0x20000444                __global_locale
 .data.__malloc_av_
                0x200005b0      0x408 c:/ac6/systemworkbench/plugins/fr.ac6.mcu.externaltools.arm-none.win32_1.16.0.201807130628/tools/compiler/bin/../lib/gcc/arm-none-eabi/7.2.1/../../../../arm-none-eabi/lib/thumb/v6-m\libc.a(lib_a-mallocr.o)
                0x200005b0                __malloc_av_
 .data.__malloc_sbrk_base
                0x200009b8        0x4 c:/ac6/systemworkbench/plugins/fr.ac6.mcu.externaltools.arm-none.win32_1.16.0.201807130628/tools/compiler/bin/../lib/gcc/arm-none-eabi/7.2.1/../../../../arm-none-eabi/lib/thumb/v6-m\libc.a(lib_a-mallocr.o)
                0x200009b8                __malloc_sbrk_base
 .data.__malloc_trim_threshold
                0x200009bc        0x4 c:/ac6/systemworkbench/plugins/fr.ac6.mcu.externaltools.arm-none.win32_1.16.0.201807130628/tools/compiler/bin/../lib/gcc/arm-none-eabi/7.2.1/../../../../arm-none-eabi/lib/thumb/v6-m\libc.a(lib_a-mallocr.o)
                0x200009bc                __malloc_trim_threshold
                0x200009c0                . = ALIGN (0x4)
                0x200009c0                _edata = .

.igot.plt       0x200009c0        0x0 load address 0x0800edcc
 .igot.plt      0x200009c0        0x0 c:/ac6/systemworkbench/plugins/fr.ac6.mcu.externaltools.arm-none.win32_1.16.0.201807130628/tools/compiler/bin/../lib/gcc/arm-none-eabi/7.2.1/thumb/v6-m/crtbegin.o
                0x200009c0                . = ALIGN (0x4)

.bss            0x200009c0      0x84c load address 0x0800edcc
                0x200009c0                _sbss = .
                0x200009c0                __bss_start__ = _sbss
 *(.bss)
 .bss           0x200009c0       0x1c c:/ac6/systemworkbench/plugins/fr.ac6.mcu.externaltools.arm-none.win32_1.16.0.201807130628/tools/compiler/bin/../lib/gcc/arm-none-eabi/7.2.1/thumb/v6-m/crtbegin.o
 .bss           0x200009dc        0x6 FatFs/src/ff.o
 *fill*         0x200009e2        0x2 
 .bss           0x200009e4        0xc FatFs/src/ff_gen_drv.o
                0x200009e4                disk
 .bss           0x200009f0        0x4 Utilities/STM32F0xx-Nucleo/stm32f0xx_mpmd_sd.o
                0x200009f0                SdStatus
                0x200009f2                flag_SDHC
 .bss           0x200009f4       0x64 Utilities/STM32F0xx-Nucleo/stm32f0xx_nucleo.o
 .bss           0x20000a58        0x8 src/syscalls.o
                0x20000a58                __env
 *(.bss*)
 .bss.__malloc_current_mallinfo
                0x20000a60       0x28 c:/ac6/systemworkbench/plugins/fr.ac6.mcu.externaltools.arm-none.win32_1.16.0.201807130628/tools/compiler/bin/../lib/gcc/arm-none-eabi/7.2.1/../../../../arm-none-eabi/lib/thumb/v6-m\libc.a(lib_a-mallocr.o)
                0x20000a60                __malloc_current_mallinfo
 .bss.__malloc_max_sbrked_mem
                0x20000a88        0x4 c:/ac6/systemworkbench/plugins/fr.ac6.mcu.externaltools.arm-none.win32_1.16.0.201807130628/tools/compiler/bin/../lib/gcc/arm-none-eabi/7.2.1/../../../../arm-none-eabi/lib/thumb/v6-m\libc.a(lib_a-mallocr.o)
                0x20000a88                __malloc_max_sbrked_mem
 .bss.__malloc_max_total_mem
                0x20000a8c        0x4 c:/ac6/systemworkbench/plugins/fr.ac6.mcu.externaltools.arm-none.win32_1.16.0.201807130628/tools/compiler/bin/../lib/gcc/arm-none-eabi/7.2.1/../../../../arm-none-eabi/lib/thumb/v6-m\libc.a(lib_a-mallocr.o)
                0x20000a8c                __malloc_max_total_mem
 .bss.__malloc_top_pad
                0x20000a90        0x4 c:/ac6/systemworkbench/plugins/fr.ac6.mcu.externaltools.arm-none.win32_1.16.0.201807130628/tools/compiler/bin/../lib/gcc/arm-none-eabi/7.2.1/../../../../arm-none-eabi/lib/thumb/v6-m\libc.a(lib_a-mallocr.o)
                0x20000a90                __malloc_top_pad
 *(COMMON)
 COMMON         0x20000a94        0x4 HAL_Driver/Src/stm32f0xx_hal.o
                0x20000a94                uwTick
 COMMON         0x20000a98      0x4ec Utilities/STM32F0xx-Nucleo/stm32f0xx_3dprinter_uart.o
                0x20000a98                gBspUartRxBuffer
                0x20000ad8                gBspUartData
                0x20000b84                gBspUartTxBuffer
 COMMON         0x20000f84      0x260 src/main.o
                0x20000f84                SDPath
                0x20000f88                root
                0x20000fb4                fileSystem
 COMMON         0x200011e4       0x21 c:/ac6/systemworkbench/plugins/fr.ac6.mcu.externaltools.arm-none.win32_1.16.0.201807130628/tools/compiler/bin/../lib/gcc/arm-none-eabi/7.2.1/../../../../arm-none-eabi/lib/thumb/v6-m\libc.a(lib_a-lock.o)
                0x200011e4                __lock___atexit_recursive_mutex
                0x200011e8                __lock___arc4random_mutex
                0x200011ec                __lock___env_recursive_mutex
                0x200011f0                __lock___sinit_recursive_mutex
                0x200011f4                __lock___malloc_recursive_mutex
                0x200011f8                __lock___at_quick_exit_mutex
                0x200011fc                __lock___dd_hash_mutex
                0x20001200                __lock___tz_mutex
                0x20001204                __lock___sfp_recursive_mutex
 *fill*         0x20001205        0x3 
 COMMON         0x20001208        0x4 c:/ac6/systemworkbench/plugins/fr.ac6.mcu.externaltools.arm-none.win32_1.16.0.201807130628/tools/compiler/bin/../lib/gcc/arm-none-eabi/7.2.1/../../../../arm-none-eabi/lib/thumb/v6-m\libc.a(lib_a-reent.o)
                0x20001208                errno
                0x2000120c                . = ALIGN (0x4)
                0x2000120c                _ebss = .
                0x2000120c                __bss_end__ = _ebss

._user_heap_stack
                0x2000120c      0x604 load address 0x0800edcc
                0x20001210                . = ALIGN (0x8)
 *fill*         0x2000120c        0x4 
                0x20001210                PROVIDE (end, .)
                [!provide]                PROVIDE (_end, .)
                0x20001410                . = (. + _Min_Heap_Size)
 *fill*         0x20001210      0x200 
                0x20001810                . = (. + _Min_Stack_Size)
 *fill*         0x20001410      0x400 
                0x20001810                . = ALIGN (0x8)

/DISCARD/
 libc.a(*)
 libm.a(*)
 libgcc.a(*)

.ARM.attributes
                0x00000000       0x28
 *(.ARM.attributes)
 .ARM.attributes
                0x00000000       0x1e c:/ac6/systemworkbench/plugins/fr.ac6.mcu.externaltools.arm-none.win32_1.16.0.201807130628/tools/compiler/bin/../lib/gcc/arm-none-eabi/7.2.1/thumb/v6-m/crti.o
 .ARM.attributes
                0x0000001e       0x2c c:/ac6/systemworkbench/plugins/fr.ac6.mcu.externaltools.arm-none.win32_1.16.0.201807130628/tools/compiler/bin/../lib/gcc/arm-none-eabi/7.2.1/thumb/v6-m/crtbegin.o
 .ARM.attributes
                0x0000004a       0x31 FatFs/src/diskio.o
 .ARM.attributes
                0x0000007b       0x31 FatFs/src/ff.o
 .ARM.attributes
                0x000000ac       0x31 FatFs/src/ff_gen_drv.o
 .ARM.attributes
                0x000000dd       0x31 FatFs/src/drivers/sd_diskio.o
 .ARM.attributes
                0x0000010e       0x31 HAL_Driver/Src/stm32f0xx_hal.o
 .ARM.attributes
                0x0000013f       0x31 HAL_Driver/Src/stm32f0xx_hal_cortex.o
 .ARM.attributes
                0x00000170       0x31 HAL_Driver/Src/stm32f0xx_hal_gpio.o
 .ARM.attributes
                0x000001a1       0x31 HAL_Driver/Src/stm32f0xx_hal_msp_template.o
 .ARM.attributes
                0x000001d2       0x31 HAL_Driver/Src/stm32f0xx_hal_rcc.o
 .ARM.attributes
                0x00000203       0x31 HAL_Driver/Src/stm32f0xx_hal_spi.o
 .ARM.attributes
                0x00000234       0x31 HAL_Driver/Src/stm32f0xx_hal_uart.o
 .ARM.attributes
                0x00000265       0x31 Utilities/STM32F0xx-Nucleo/stm32f0xx_3dprinter_uart.o
 .ARM.attributes
                0x00000296       0x31 Utilities/STM32F0xx-Nucleo/stm32f0xx_mpmd_sd.o
 .ARM.attributes
                0x000002c7       0x31 Utilities/STM32F0xx-Nucleo/stm32f0xx_nucleo.o
 .ARM.attributes
                0x000002f8       0x31 src/clock_f0.o
 .ARM.attributes
                0x00000329       0x31 src/main.o
 .ARM.attributes
                0x0000035a       0x31 src/stm32f0xx_hal_msp.o
 .ARM.attributes
                0x0000038b       0x31 src/stm32f0xx_it.o
 .ARM.attributes
                0x000003bc       0x31 src/syscalls.o
 .ARM.attributes
                0x000003ed       0x31 src/system_stm32f0xx.o
 .ARM.attributes
                0x0000041e       0x21 startup/startup_stm32f070xb.o
 .ARM.attributes
                0x0000043f       0x1e c:/ac6/systemworkbench/plugins/fr.ac6.mcu.externaltools.arm-none.win32_1.16.0.201807130628/tools/compiler/bin/../lib/gcc/arm-none-eabi/7.2.1/thumb/v6-m\libgcc.a(_udivsi3.o)
 .ARM.attributes
                0x0000045d       0x1e c:/ac6/systemworkbench/plugins/fr.ac6.mcu.externaltools.arm-none.win32_1.16.0.201807130628/tools/compiler/bin/../lib/gcc/arm-none-eabi/7.2.1/thumb/v6-m\libgcc.a(_divsi3.o)
 .ARM.attributes
                0x0000047b       0x1e c:/ac6/systemworkbench/plugins/fr.ac6.mcu.externaltools.arm-none.win32_1.16.0.201807130628/tools/compiler/bin/../lib/gcc/arm-none-eabi/7.2.1/thumb/v6-m\libgcc.a(_dvmd_tls.o)
 .ARM.attributes
                0x00000499       0x1e c:/ac6/systemworkbench/plugins/fr.ac6.mcu.externaltools.arm-none.win32_1.16.0.201807130628/tools/compiler/bin/../lib/gcc/arm-none-eabi/7.2.1/thumb/v6-m\libgcc.a(_clzsi2.o)
 .ARM.attributes
                0x000004b7       0x2c c:/ac6/systemworkbench/plugins/fr.ac6.mcu.externaltools.arm-none.win32_1.16.0.201807130628/tools/compiler/bin/../lib/gcc/arm-none-eabi/7.2.1/../../../../arm-none-eabi/lib/thumb/v6-m\libc.a(lib_a-errno.o)
 .ARM.attributes
                0x000004e3       0x2c c:/ac6/systemworkbench/plugins/fr.ac6.mcu.externaltools.arm-none.win32_1.16.0.201807130628/tools/compiler/bin/../lib/gcc/arm-none-eabi/7.2.1/../../../../arm-none-eabi/lib/thumb/v6-m\libc.a(lib_a-impure.o)
 .ARM.attributes
                0x0000050f       0x2c c:/ac6/systemworkbench/plugins/fr.ac6.mcu.externaltools.arm-none.win32_1.16.0.201807130628/tools/compiler/bin/../lib/gcc/arm-none-eabi/7.2.1/../../../../arm-none-eabi/lib/thumb/v6-m\libc.a(lib_a-init.o)
 .ARM.attributes
                0x0000053b       0x2c c:/ac6/systemworkbench/plugins/fr.ac6.mcu.externaltools.arm-none.win32_1.16.0.201807130628/tools/compiler/bin/../lib/gcc/arm-none-eabi/7.2.1/../../../../arm-none-eabi/lib/thumb/v6-m\libc.a(lib_a-memcpy-stub.o)
 .ARM.attributes
                0x00000567       0x2c c:/ac6/systemworkbench/plugins/fr.ac6.mcu.externaltools.arm-none.win32_1.16.0.201807130628/tools/compiler/bin/../lib/gcc/arm-none-eabi/7.2.1/../../../../arm-none-eabi/lib/thumb/v6-m\libc.a(lib_a-memset.o)
 .ARM.attributes
                0x00000593       0x2c c:/ac6/systemworkbench/plugins/fr.ac6.mcu.externaltools.arm-none.win32_1.16.0.201807130628/tools/compiler/bin/../lib/gcc/arm-none-eabi/7.2.1/../../../../arm-none-eabi/lib/thumb/v6-m\libc.a(lib_a-printf.o)
 .ARM.attributes
                0x000005bf       0x2c c:/ac6/systemworkbench/plugins/fr.ac6.mcu.externaltools.arm-none.win32_1.16.0.201807130628/tools/compiler/bin/../lib/gcc/arm-none-eabi/7.2.1/../../../../arm-none-eabi/lib/thumb/v6-m\libc.a(lib_a-puts.o)
 .ARM.attributes
                0x000005eb       0x2c c:/ac6/systemworkbench/plugins/fr.ac6.mcu.externaltools.arm-none.win32_1.16.0.201807130628/tools/compiler/bin/../lib/gcc/arm-none-eabi/7.2.1/../../../../arm-none-eabi/lib/thumb/v6-m\libc.a(lib_a-reallocr.o)
 .ARM.attributes
                0x00000617       0x2c c:/ac6/systemworkbench/plugins/fr.ac6.mcu.externaltools.arm-none.win32_1.16.0.201807130628/tools/compiler/bin/../lib/gcc/arm-none-eabi/7.2.1/../../../../arm-none-eabi/lib/thumb/v6-m\libc.a(lib_a-strlen-stub.o)
 .ARM.attributes
                0x00000643       0x2c c:/ac6/systemworkbench/plugins/fr.ac6.mcu.externaltools.arm-none.win32_1.16.0.201807130628/tools/compiler/bin/../lib/gcc/arm-none-eabi/7.2.1/../../../../arm-none-eabi/lib/thumb/v6-m\libc.a(lib_a-vfiprintf.o)
 .ARM.attributes
                0x0000066f       0x2c c:/ac6/systemworkbench/plugins/fr.ac6.mcu.externaltools.arm-none.win32_1.16.0.201807130628/tools/compiler/bin/../lib/gcc/arm-none-eabi/7.2.1/../../../../arm-none-eabi/lib/thumb/v6-m\libc.a(lib_a-vfprintf.o)
 .ARM.attributes
                0x0000069b       0x2c c:/ac6/systemworkbench/plugins/fr.ac6.mcu.externaltools.arm-none.win32_1.16.0.201807130628/tools/compiler/bin/../lib/gcc/arm-none-eabi/7.2.1/../../../../arm-none-eabi/lib/thumb/v6-m\libc.a(lib_a-wsetup.o)
 .ARM.attributes
                0x000006c7       0x2c c:/ac6/systemworkbench/plugins/fr.ac6.mcu.externaltools.arm-none.win32_1.16.0.201807130628/tools/compiler/bin/../lib/gcc/arm-none-eabi/7.2.1/../../../../arm-none-eabi/lib/thumb/v6-m\libc.a(lib_a-__call_atexit.o)
 .ARM.attributes
                0x000006f3       0x2c c:/ac6/systemworkbench/plugins/fr.ac6.mcu.externaltools.arm-none.win32_1.16.0.201807130628/tools/compiler/bin/../lib/gcc/arm-none-eabi/7.2.1/../../../../arm-none-eabi/lib/thumb/v6-m\libc.a(lib_a-atexit.o)
 .ARM.attributes
                0x0000071f       0x2c c:/ac6/systemworkbench/plugins/fr.ac6.mcu.externaltools.arm-none.win32_1.16.0.201807130628/tools/compiler/bin/../lib/gcc/arm-none-eabi/7.2.1/../../../../arm-none-eabi/lib/thumb/v6-m\libc.a(lib_a-dtoa.o)
 .ARM.attributes
                0x0000074b       0x2c c:/ac6/systemworkbench/plugins/fr.ac6.mcu.externaltools.arm-none.win32_1.16.0.201807130628/tools/compiler/bin/../lib/gcc/arm-none-eabi/7.2.1/../../../../arm-none-eabi/lib/thumb/v6-m\libc.a(lib_a-fflush.o)
 .ARM.attributes
                0x00000777       0x2c c:/ac6/systemworkbench/plugins/fr.ac6.mcu.externaltools.arm-none.win32_1.16.0.201807130628/tools/compiler/bin/../lib/gcc/arm-none-eabi/7.2.1/../../../../arm-none-eabi/lib/thumb/v6-m\libc.a(lib_a-findfp.o)
 .ARM.attributes
                0x000007a3       0x2c c:/ac6/systemworkbench/plugins/fr.ac6.mcu.externaltools.arm-none.win32_1.16.0.201807130628/tools/compiler/bin/../lib/gcc/arm-none-eabi/7.2.1/../../../../arm-none-eabi/lib/thumb/v6-m\libc.a(lib_a-fini.o)
 .ARM.attributes
                0x000007cf       0x2c c:/ac6/systemworkbench/plugins/fr.ac6.mcu.externaltools.arm-none.win32_1.16.0.201807130628/tools/compiler/bin/../lib/gcc/arm-none-eabi/7.2.1/../../../../arm-none-eabi/lib/thumb/v6-m\libc.a(lib_a-fputwc.o)
 .ARM.attributes
                0x000007fb       0x2c c:/ac6/systemworkbench/plugins/fr.ac6.mcu.externaltools.arm-none.win32_1.16.0.201807130628/tools/compiler/bin/../lib/gcc/arm-none-eabi/7.2.1/../../../../arm-none-eabi/lib/thumb/v6-m\libc.a(lib_a-freer.o)
 .ARM.attributes
                0x00000827       0x2c c:/ac6/systemworkbench/plugins/fr.ac6.mcu.externaltools.arm-none.win32_1.16.0.201807130628/tools/compiler/bin/../lib/gcc/arm-none-eabi/7.2.1/../../../../arm-none-eabi/lib/thumb/v6-m\libc.a(lib_a-fvwrite.o)
 .ARM.attributes
                0x00000853       0x2c c:/ac6/systemworkbench/plugins/fr.ac6.mcu.externaltools.arm-none.win32_1.16.0.201807130628/tools/compiler/bin/../lib/gcc/arm-none-eabi/7.2.1/../../../../arm-none-eabi/lib/thumb/v6-m\libc.a(lib_a-fwalk.o)
 .ARM.attributes
                0x0000087f       0x2c c:/ac6/systemworkbench/plugins/fr.ac6.mcu.externaltools.arm-none.win32_1.16.0.201807130628/tools/compiler/bin/../lib/gcc/arm-none-eabi/7.2.1/../../../../arm-none-eabi/lib/thumb/v6-m\libc.a(lib_a-locale.o)
 .ARM.attributes
                0x000008ab       0x2c c:/ac6/systemworkbench/plugins/fr.ac6.mcu.externaltools.arm-none.win32_1.16.0.201807130628/tools/compiler/bin/../lib/gcc/arm-none-eabi/7.2.1/../../../../arm-none-eabi/lib/thumb/v6-m\libc.a(lib_a-localeconv.o)
 .ARM.attributes
                0x000008d7       0x2c c:/ac6/systemworkbench/plugins/fr.ac6.mcu.externaltools.arm-none.win32_1.16.0.201807130628/tools/compiler/bin/../lib/gcc/arm-none-eabi/7.2.1/../../../../arm-none-eabi/lib/thumb/v6-m\libc.a(lib_a-lock.o)
 .ARM.attributes
                0x00000903       0x2c c:/ac6/systemworkbench/plugins/fr.ac6.mcu.externaltools.arm-none.win32_1.16.0.201807130628/tools/compiler/bin/../lib/gcc/arm-none-eabi/7.2.1/../../../../arm-none-eabi/lib/thumb/v6-m\libc.a(lib_a-makebuf.o)
 .ARM.attributes
                0x0000092f       0x2c c:/ac6/systemworkbench/plugins/fr.ac6.mcu.externaltools.arm-none.win32_1.16.0.201807130628/tools/compiler/bin/../lib/gcc/arm-none-eabi/7.2.1/../../../../arm-none-eabi/lib/thumb/v6-m\libc.a(lib_a-mallocr.o)
 .ARM.attributes
                0x0000095b       0x2c c:/ac6/systemworkbench/plugins/fr.ac6.mcu.externaltools.arm-none.win32_1.16.0.201807130628/tools/compiler/bin/../lib/gcc/arm-none-eabi/7.2.1/../../../../arm-none-eabi/lib/thumb/v6-m\libc.a(lib_a-mbtowc_r.o)
 .ARM.attributes
                0x00000987       0x2c c:/ac6/systemworkbench/plugins/fr.ac6.mcu.externaltools.arm-none.win32_1.16.0.201807130628/tools/compiler/bin/../lib/gcc/arm-none-eabi/7.2.1/../../../../arm-none-eabi/lib/thumb/v6-m\libc.a(lib_a-memchr-stub.o)
 .ARM.attributes
                0x000009b3       0x2c c:/ac6/systemworkbench/plugins/fr.ac6.mcu.externaltools.arm-none.win32_1.16.0.201807130628/tools/compiler/bin/../lib/gcc/arm-none-eabi/7.2.1/../../../../arm-none-eabi/lib/thumb/v6-m\libc.a(lib_a-memmove.o)
 .ARM.attributes
                0x000009df       0x2c c:/ac6/systemworkbench/plugins/fr.ac6.mcu.externaltools.arm-none.win32_1.16.0.201807130628/tools/compiler/bin/../lib/gcc/arm-none-eabi/7.2.1/../../../../arm-none-eabi/lib/thumb/v6-m\libc.a(lib_a-mlock.o)
 .ARM.attributes
                0x00000a0b       0x2c c:/ac6/systemworkbench/plugins/fr.ac6.mcu.externaltools.arm-none.win32_1.16.0.201807130628/tools/compiler/bin/../lib/gcc/arm-none-eabi/7.2.1/../../../../arm-none-eabi/lib/thumb/v6-m\libc.a(lib_a-mprec.o)
 .ARM.attributes
                0x00000a37       0x2c c:/ac6/systemworkbench/plugins/fr.ac6.mcu.externaltools.arm-none.win32_1.16.0.201807130628/tools/compiler/bin/../lib/gcc/arm-none-eabi/7.2.1/../../../../arm-none-eabi/lib/thumb/v6-m\libc.a(lib_a-sbrkr.o)
 .ARM.attributes
                0x00000a63       0x2c c:/ac6/systemworkbench/plugins/fr.ac6.mcu.externaltools.arm-none.win32_1.16.0.201807130628/tools/compiler/bin/../lib/gcc/arm-none-eabi/7.2.1/../../../../arm-none-eabi/lib/thumb/v6-m\libc.a(lib_a-stdio.o)
 .ARM.attributes
                0x00000a8f       0x2c c:/ac6/systemworkbench/plugins/fr.ac6.mcu.externaltools.arm-none.win32_1.16.0.201807130628/tools/compiler/bin/../lib/gcc/arm-none-eabi/7.2.1/../../../../arm-none-eabi/lib/thumb/v6-m\libc.a(lib_a-wbuf.o)
 .ARM.attributes
                0x00000abb       0x2c c:/ac6/systemworkbench/plugins/fr.ac6.mcu.externaltools.arm-none.win32_1.16.0.201807130628/tools/compiler/bin/../lib/gcc/arm-none-eabi/7.2.1/../../../../arm-none-eabi/lib/thumb/v6-m\libc.a(lib_a-wcrtomb.o)
 .ARM.attributes
                0x00000ae7       0x2c c:/ac6/systemworkbench/plugins/fr.ac6.mcu.externaltools.arm-none.win32_1.16.0.201807130628/tools/compiler/bin/../lib/gcc/arm-none-eabi/7.2.1/../../../../arm-none-eabi/lib/thumb/v6-m\libc.a(lib_a-wctomb_r.o)
 .ARM.attributes
                0x00000b13       0x2c c:/ac6/systemworkbench/plugins/fr.ac6.mcu.externaltools.arm-none.win32_1.16.0.201807130628/tools/compiler/bin/../lib/gcc/arm-none-eabi/7.2.1/../../../../arm-none-eabi/lib/thumb/v6-m\libc.a(lib_a-writer.o)
 .ARM.attributes
                0x00000b3f       0x2c c:/ac6/systemworkbench/plugins/fr.ac6.mcu.externaltools.arm-none.win32_1.16.0.201807130628/tools/compiler/bin/../lib/gcc/arm-none-eabi/7.2.1/../../../../arm-none-eabi/lib/thumb/v6-m\libc.a(lib_a-__atexit.o)
 .ARM.attributes
                0x00000b6b       0x2c c:/ac6/systemworkbench/plugins/fr.ac6.mcu.externaltools.arm-none.win32_1.16.0.201807130628/tools/compiler/bin/../lib/gcc/arm-none-eabi/7.2.1/../../../../arm-none-eabi/lib/thumb/v6-m\libc.a(lib_a-callocr.o)
 .ARM.attributes
                0x00000b97       0x2c c:/ac6/systemworkbench/plugins/fr.ac6.mcu.externaltools.arm-none.win32_1.16.0.201807130628/tools/compiler/bin/../lib/gcc/arm-none-eabi/7.2.1/../../../../arm-none-eabi/lib/thumb/v6-m\libc.a(lib_a-closer.o)
 .ARM.attributes
                0x00000bc3       0x2c c:/ac6/systemworkbench/plugins/fr.ac6.mcu.externaltools.arm-none.win32_1.16.0.201807130628/tools/compiler/bin/../lib/gcc/arm-none-eabi/7.2.1/../../../../arm-none-eabi/lib/thumb/v6-m\libc.a(lib_a-ctype_.o)
 .ARM.attributes
                0x00000bef       0x2c c:/ac6/systemworkbench/plugins/fr.ac6.mcu.externaltools.arm-none.win32_1.16.0.201807130628/tools/compiler/bin/../lib/gcc/arm-none-eabi/7.2.1/../../../../arm-none-eabi/lib/thumb/v6-m\libc.a(lib_a-fclose.o)
 .ARM.attributes
                0x00000c1b       0x2c c:/ac6/systemworkbench/plugins/fr.ac6.mcu.externaltools.arm-none.win32_1.16.0.201807130628/tools/compiler/bin/../lib/gcc/arm-none-eabi/7.2.1/../../../../arm-none-eabi/lib/thumb/v6-m\libc.a(lib_a-fstatr.o)
 .ARM.attributes
                0x00000c47       0x2c c:/ac6/systemworkbench/plugins/fr.ac6.mcu.externaltools.arm-none.win32_1.16.0.201807130628/tools/compiler/bin/../lib/gcc/arm-none-eabi/7.2.1/../../../../arm-none-eabi/lib/thumb/v6-m\libc.a(lib_a-isattyr.o)
 .ARM.attributes
                0x00000c73       0x2c c:/ac6/systemworkbench/plugins/fr.ac6.mcu.externaltools.arm-none.win32_1.16.0.201807130628/tools/compiler/bin/../lib/gcc/arm-none-eabi/7.2.1/../../../../arm-none-eabi/lib/thumb/v6-m\libc.a(lib_a-lseekr.o)
 .ARM.attributes
                0x00000c9f       0x2c c:/ac6/systemworkbench/plugins/fr.ac6.mcu.externaltools.arm-none.win32_1.16.0.201807130628/tools/compiler/bin/../lib/gcc/arm-none-eabi/7.2.1/../../../../arm-none-eabi/lib/thumb/v6-m\libc.a(lib_a-readr.o)
 .ARM.attributes
                0x00000ccb       0x2c c:/ac6/systemworkbench/plugins/fr.ac6.mcu.externaltools.arm-none.win32_1.16.0.201807130628/tools/compiler/bin/../lib/gcc/arm-none-eabi/7.2.1/../../../../arm-none-eabi/lib/thumb/v6-m\libc.a(lib_a-reent.o)
 .ARM.attributes
                0x00000cf7       0x1e c:/ac6/systemworkbench/plugins/fr.ac6.mcu.externaltools.arm-none.win32_1.16.0.201807130628/tools/compiler/bin/../lib/gcc/arm-none-eabi/7.2.1/thumb/v6-m\libgcc.a(_arm_cmpdf2.o)
 .ARM.attributes
                0x00000d15       0x1e c:/ac6/systemworkbench/plugins/fr.ac6.mcu.externaltools.arm-none.win32_1.16.0.201807130628/tools/compiler/bin/../lib/gcc/arm-none-eabi/7.2.1/thumb/v6-m\libgcc.a(_aeabi_uldivmod.o)
 .ARM.attributes
                0x00000d33       0x2c c:/ac6/systemworkbench/plugins/fr.ac6.mcu.externaltools.arm-none.win32_1.16.0.201807130628/tools/compiler/bin/../lib/gcc/arm-none-eabi/7.2.1/thumb/v6-m\libgcc.a(_udivmoddi4.o)
 .ARM.attributes
                0x00000d5f       0x2c c:/ac6/systemworkbench/plugins/fr.ac6.mcu.externaltools.arm-none.win32_1.16.0.201807130628/tools/compiler/bin/../lib/gcc/arm-none-eabi/7.2.1/thumb/v6-m\libgcc.a(adddf3.o)
 .ARM.attributes
                0x00000d8b       0x2c c:/ac6/systemworkbench/plugins/fr.ac6.mcu.externaltools.arm-none.win32_1.16.0.201807130628/tools/compiler/bin/../lib/gcc/arm-none-eabi/7.2.1/thumb/v6-m\libgcc.a(divdf3.o)
 .ARM.attributes
                0x00000db7       0x2c c:/ac6/systemworkbench/plugins/fr.ac6.mcu.externaltools.arm-none.win32_1.16.0.201807130628/tools/compiler/bin/../lib/gcc/arm-none-eabi/7.2.1/thumb/v6-m\libgcc.a(eqdf2.o)
 .ARM.attributes
                0x00000de3       0x2c c:/ac6/systemworkbench/plugins/fr.ac6.mcu.externaltools.arm-none.win32_1.16.0.201807130628/tools/compiler/bin/../lib/gcc/arm-none-eabi/7.2.1/thumb/v6-m\libgcc.a(gedf2.o)
 .ARM.attributes
                0x00000e0f       0x2c c:/ac6/systemworkbench/plugins/fr.ac6.mcu.externaltools.arm-none.win32_1.16.0.201807130628/tools/compiler/bin/../lib/gcc/arm-none-eabi/7.2.1/thumb/v6-m\libgcc.a(ledf2.o)
 .ARM.attributes
                0x00000e3b       0x2c c:/ac6/systemworkbench/plugins/fr.ac6.mcu.externaltools.arm-none.win32_1.16.0.201807130628/tools/compiler/bin/../lib/gcc/arm-none-eabi/7.2.1/thumb/v6-m\libgcc.a(muldf3.o)
 .ARM.attributes
                0x00000e67       0x2c c:/ac6/systemworkbench/plugins/fr.ac6.mcu.externaltools.arm-none.win32_1.16.0.201807130628/tools/compiler/bin/../lib/gcc/arm-none-eabi/7.2.1/thumb/v6-m\libgcc.a(subdf3.o)
 .ARM.attributes
                0x00000e93       0x2c c:/ac6/systemworkbench/plugins/fr.ac6.mcu.externaltools.arm-none.win32_1.16.0.201807130628/tools/compiler/bin/../lib/gcc/arm-none-eabi/7.2.1/thumb/v6-m\libgcc.a(unorddf2.o)
 .ARM.attributes
                0x00000ebf       0x2c c:/ac6/systemworkbench/plugins/fr.ac6.mcu.externaltools.arm-none.win32_1.16.0.201807130628/tools/compiler/bin/../lib/gcc/arm-none-eabi/7.2.1/thumb/v6-m\libgcc.a(fixdfsi.o)
 .ARM.attributes
                0x00000eeb       0x2c c:/ac6/systemworkbench/plugins/fr.ac6.mcu.externaltools.arm-none.win32_1.16.0.201807130628/tools/compiler/bin/../lib/gcc/arm-none-eabi/7.2.1/thumb/v6-m\libgcc.a(floatsidf.o)
 .ARM.attributes
                0x00000f17       0x2c c:/ac6/systemworkbench/plugins/fr.ac6.mcu.externaltools.arm-none.win32_1.16.0.201807130628/tools/compiler/bin/../lib/gcc/arm-none-eabi/7.2.1/thumb/v6-m\libgcc.a(floatunsidf.o)
 .ARM.attributes
                0x00000f43       0x1e c:/ac6/systemworkbench/plugins/fr.ac6.mcu.externaltools.arm-none.win32_1.16.0.201807130628/tools/compiler/bin/../lib/gcc/arm-none-eabi/7.2.1/thumb/v6-m\libgcc.a(_clzdi2.o)
 .ARM.attributes
                0x00000f61       0x1e c:/ac6/systemworkbench/plugins/fr.ac6.mcu.externaltools.arm-none.win32_1.16.0.201807130628/tools/compiler/bin/../lib/gcc/arm-none-eabi/7.2.1/thumb/v6-m/crtn.o
OUTPUT(SD_benchmark.elf elf32-littlearm)

.debug_info     0x00000000    0x16961
 .debug_info    0x00000000      0xc71 FatFs/src/diskio.o
 .debug_info    0x00000c71     0x2837 FatFs/src/ff.o
 .debug_info    0x000034a8      0xbf6 FatFs/src/ff_gen_drv.o
 .debug_info    0x0000409e      0xfd6 FatFs/src/drivers/sd_diskio.o
 .debug_info    0x00005074      0xdda HAL_Driver/Src/stm32f0xx_hal.o
 .debug_info    0x00005e4e      0xf31 HAL_Driver/Src/stm32f0xx_hal_cortex.o
 .debug_info    0x00006d7f      0xe5a HAL_Driver/Src/stm32f0xx_hal_gpio.o
 .debug_info    0x00007bd9      0x959 HAL_Driver/Src/stm32f0xx_hal_msp_template.o
 .debug_info    0x00008532      0xfa0 HAL_Driver/Src/stm32f0xx_hal_rcc.o
 .debug_info    0x000094d2     0x1eaf HAL_Driver/Src/stm32f0xx_hal_spi.o
 .debug_info    0x0000b381     0x1b4f HAL_Driver/Src/stm32f0xx_hal_uart.o
 .debug_info    0x0000ced0     0x14df Utilities/STM32F0xx-Nucleo/stm32f0xx_3dprinter_uart.o
 .debug_info    0x0000e3af     0x1329 Utilities/STM32F0xx-Nucleo/stm32f0xx_mpmd_sd.o
 .debug_info    0x0000f6d8     0x1656 Utilities/STM32F0xx-Nucleo/stm32f0xx_nucleo.o
 .debug_info    0x00010d2e     0x10dd src/clock_f0.o
 .debug_info    0x00011e0b     0x15b2 src/main.o
 .debug_info    0x000133bd     0x12be src/stm32f0xx_hal_msp.o
 .debug_info    0x0001467b      0x926 src/stm32f0xx_it.o
 .debug_info    0x00014fa1      0xf2e src/syscalls.o
 .debug_info    0x00015ecf      0xa70 src/system_stm32f0xx.o
 .debug_info    0x0001693f       0x22 startup/startup_stm32f070xb.o

.debug_abbrev   0x00000000     0x3285
 .debug_abbrev  0x00000000      0x241 FatFs/src/diskio.o
 .debug_abbrev  0x00000241      0x2d6 FatFs/src/ff.o
 .debug_abbrev  0x00000517      0x26c FatFs/src/ff_gen_drv.o
 .debug_abbrev  0x00000783      0x27c FatFs/src/drivers/sd_diskio.o
 .debug_abbrev  0x000009ff      0x2a3 HAL_Driver/Src/stm32f0xx_hal.o
 .debug_abbrev  0x00000ca2      0x33d HAL_Driver/Src/stm32f0xx_hal_cortex.o
 .debug_abbrev  0x00000fdf      0x289 HAL_Driver/Src/stm32f0xx_hal_gpio.o
 .debug_abbrev  0x00001268      0x1aa HAL_Driver/Src/stm32f0xx_hal_msp_template.o
 .debug_abbrev  0x00001412      0x2be HAL_Driver/Src/stm32f0xx_hal_rcc.o
 .debug_abbrev  0x000016d0      0x2d1 HAL_Driver/Src/stm32f0xx_hal_spi.o
 .debug_abbrev  0x000019a1      0x2ae HAL_Driver/Src/stm32f0xx_hal_uart.o
 .debug_abbrev  0x00001c4f      0x344 Utilities/STM32F0xx-Nucleo/stm32f0xx_3dprinter_uart.o
 .debug_abbrev  0x00001f93      0x2d1 Utilities/STM32F0xx-Nucleo/stm32f0xx_mpmd_sd.o
 .debug_abbrev  0x00002264      0x2fc Utilities/STM32F0xx-Nucleo/stm32f0xx_nucleo.o
 .debug_abbrev  0x00002560      0x1f2 src/clock_f0.o
 .debug_abbrev  0x00002752      0x281 src/main.o
 .debug_abbrev  0x000029d3      0x247 src/stm32f0xx_hal_msp.o
 .debug_abbrev  0x00002c1a      0x1aa src/stm32f0xx_it.o
 .debug_abbrev  0x00002dc4      0x2aa src/syscalls.o
 .debug_abbrev  0x0000306e      0x205 src/system_stm32f0xx.o
 .debug_abbrev  0x00003273       0x12 startup/startup_stm32f070xb.o

.debug_aranges  0x00000000      0xc80
 .debug_aranges
                0x00000000       0x48 FatFs/src/diskio.o
 .debug_aranges
                0x00000048      0x1e0 FatFs/src/ff.o
 .debug_aranges
                0x00000228       0x40 FatFs/src/ff_gen_drv.o
 .debug_aranges
                0x00000268       0x40 FatFs/src/drivers/sd_diskio.o
 .debug_aranges
                0x000002a8       0xb8 HAL_Driver/Src/stm32f0xx_hal.o
 .debug_aranges
                0x00000360       0xc0 HAL_Driver/Src/stm32f0xx_hal_cortex.o
 .debug_aranges
                0x00000420       0x58 HAL_Driver/Src/stm32f0xx_hal_gpio.o
 .debug_aranges
                0x00000478       0x38 HAL_Driver/Src/stm32f0xx_hal_msp_template.o
 .debug_aranges
                0x000004b0       0x80 HAL_Driver/Src/stm32f0xx_hal_rcc.o
 .debug_aranges
                0x00000530      0x1f8 HAL_Driver/Src/stm32f0xx_hal_spi.o
 .debug_aranges
                0x00000728      0x1d8 HAL_Driver/Src/stm32f0xx_hal_uart.o
 .debug_aranges
                0x00000900       0xa8 Utilities/STM32F0xx-Nucleo/stm32f0xx_3dprinter_uart.o
 .debug_aranges
                0x000009a8       0x88 Utilities/STM32F0xx-Nucleo/stm32f0xx_mpmd_sd.o
 .debug_aranges
                0x00000a30       0xb0 Utilities/STM32F0xx-Nucleo/stm32f0xx_nucleo.o
 .debug_aranges
                0x00000ae0       0x20 src/clock_f0.o
 .debug_aranges
                0x00000b00       0x38 src/main.o
 .debug_aranges
                0x00000b38       0x28 src/stm32f0xx_hal_msp.o
 .debug_aranges
                0x00000b60       0x20 src/stm32f0xx_it.o
 .debug_aranges
                0x00000b80       0xb0 src/syscalls.o
 .debug_aranges
                0x00000c30       0x28 src/system_stm32f0xx.o
 .debug_aranges